<html>
<body>
<pre>
<h1>礦ision Build Log</h1>
<h2>Tool Versions:</h2>
IDE-Version: μVision V5.15
Copyright (C) 2015 ARM Ltd and ARM Germany GmbH. All rights reserved.
License Information: VINO CRYSTAL, VINO_C, LIC=NQQ9U-SPUC6-G76R6-DKB0M-TL52R-FVCX3
 
Tool Versions:
Toolchain:       MDK-ARM Standard  Version: 5.15.0
Toolchain Path:  D:\KEIL5\KEIL5\ARM\ARMCC\Bin
C Compiler:      Armcc.exe V5.05 update 2 (build 169)
Assembler:       Armasm.exe V5.05 update 2 (build 169)
Linker/Locator:  ArmLink.exe V5.05 update 2 (build 169)
Library Manager: ArmAr.exe V5.05 update 2 (build 169)
Hex Converter:   FromElf.exe V5.05 update 2 (build 169)
CPU DLL:         SARMCM3.DLL V5.15.0
Dialog DLL:      DARMSTM.DLL V1.65.0.0
Target DLL:      STLink\ST-LINKIII-KEIL_SWO.dll V2.0.15.0_KEIL
Dialog DLL:      TARMSTM.DLL V1.64.0.0
 
<h2>Project:</h2>
G:\vino_project\Challenge\Bicycle\last\国赛\lock_2\lock_2\lock\dis_offset\Project\RVMDK（uv4）\iSO-STM32.uvprojx
Project File Date:  03/07/2017

<h2>Output:</h2>
*** Using Compiler 'V5.05 update 2 (build 169)', folder: 'D:\KEIL5\KEIL5\ARM\ARMCC\Bin'
Build target 'Led'
compiling main.c...
..\..\User\bicycle.h(39): warning:  #40-D: expected an identifier
        };
..\..\User\bicycle.h(67): warning:  #40-D: expected an identifier
        };
..\..\User\main.c(57): warning:  #177-D: variable "speed" was declared but never referenced
        float speed;
..\..\User\main.c(61): warning:  #550-D: variable "lift_ignore" was set but never used
        float lift_ignore;
..\..\User\main.c(63): warning:  #177-D: variable "lift_stand_cnt" was declared but never referenced
        static uint8_t lift_stand_cnt,shake_stand_cnt,lift_fall_cnt,shake_fall_cnt;
..\..\User\main.c(63): warning:  #177-D: variable "shake_stand_cnt" was declared but never referenced
        static uint8_t lift_stand_cnt,shake_stand_cnt,lift_fall_cnt,shake_fall_cnt;
..\..\User\main.c(63): warning:  #177-D: variable "lift_fall_cnt" was declared but never referenced
        static uint8_t lift_stand_cnt,shake_stand_cnt,lift_fall_cnt,shake_fall_cnt;
..\..\User\main.c(63): warning:  #177-D: variable "shake_fall_cnt" was declared but never referenced
        static uint8_t lift_stand_cnt,shake_stand_cnt,lift_fall_cnt,shake_fall_cnt;
..\..\User\main.c(64): warning:  #177-D: variable "isBroken" was declared but never referenced
        static uint8_t isBroken = 0;
..\..\User\main.c: 9 warnings, 0 errors
compiling stm32f10x_it.c...
..\..\User\bicycle.h(39): warning:  #40-D: expected an identifier
        };
..\..\User\bicycle.h(67): warning:  #40-D: expected an identifier
        };
..\..\User\stm32f10x_it.c: 2 warnings, 0 errors
compiling usart.c...
..\..\User\bicycle.h(39): warning:  #40-D: expected an identifier
        };
..\..\User\bicycle.h(67): warning:  #40-D: expected an identifier
        };
..\..\User\usart\usart.c: 2 warnings, 0 errors
linking...
Program Size: Code=38256 RO-data=3800 RW-data=260 ZI-data=1140  
FromELF: creating hex file...
"..\..\Output\流水灯.axf" - 0 Error(s), 13 Warning(s).

<h2>Collection of Component include folders:</h2>
  G:\vino_project\Challenge\Bicycle\last\国赛\lock_2\lock_2\lock\dis_offset\Project\RVMDK（uv4）\RTE
  D:\KEIL5\KEIL5\ARM\PACK\Keil\STM32F1xx_DFP\2.0.0\Device\Include

<h2>Collection of Component Files used:</h2>
</pre>
</body>
</html>
