Component: ARM Compiler 5.05 update 2 (build 169) Tool: armlink [4d0f33]

==============================================================================

Section Cross References

    startup_stm32f10x_hd.o(RESET) refers to startup_stm32f10x_hd.o(STACK) for __initial_sp
    startup_stm32f10x_hd.o(RESET) refers to startup_stm32f10x_hd.o(.text) for Reset_Handler
    startup_stm32f10x_hd.o(RESET) refers to stm32f10x_it.o(.text) for NMI_Handler
    startup_stm32f10x_hd.o(.text) refers to system_stm32f10x.o(.text) for SystemInit
    startup_stm32f10x_hd.o(.text) refers to entry.o(.ARM.Collect$$$$00000000) for __main
    system_stm32f10x.o(.text) refers to system_stm32f10x.o(.data) for SystemCoreClock
    stm32f10x_adc.o(.text) refers to stm32f10x_rcc.o(.text) for RCC_APB2PeriphResetCmd
    stm32f10x_bkp.o(.text) refers to stm32f10x_rcc.o(.text) for RCC_BackupResetCmd
    stm32f10x_can.o(.text) refers to stm32f10x_rcc.o(.text) for RCC_APB1PeriphResetCmd
    stm32f10x_cec.o(.text) refers to stm32f10x_rcc.o(.text) for RCC_APB1PeriphResetCmd
    stm32f10x_dac.o(.text) refers to stm32f10x_rcc.o(.text) for RCC_APB1PeriphResetCmd
    stm32f10x_gpio.o(.text) refers to stm32f10x_rcc.o(.text) for RCC_APB2PeriphResetCmd
    stm32f10x_i2c.o(.text) refers to stm32f10x_rcc.o(.text) for RCC_APB1PeriphResetCmd
    stm32f10x_pwr.o(.text) refers to stm32f10x_rcc.o(.text) for RCC_APB1PeriphResetCmd
    stm32f10x_rcc.o(.text) refers to stm32f10x_rcc.o(.data) for APBAHBPrescTable
    stm32f10x_spi.o(.text) refers to stm32f10x_rcc.o(.text) for RCC_APB2PeriphResetCmd
    stm32f10x_tim.o(.text) refers to stm32f10x_rcc.o(.text) for RCC_APB2PeriphResetCmd
    stm32f10x_usart.o(.text) refers to stm32f10x_rcc.o(.text) for RCC_APB2PeriphResetCmd
    stm32f10x_wwdg.o(.text) refers to stm32f10x_rcc.o(.text) for RCC_APB1PeriphResetCmd
    main.o(.text) refers to bsp_led.o(.text) for Shake_GPIO_Config
    main.o(.text) refers to vl53l0x.o(.text) for vl530l0_iic_init
    main.o(.text) refers to usart.o(.text) for USART2_Config
    main.o(.text) refers to i2c.o(.text) for I2C_Config
    main.o(.text) refers to mpu9250.o(.text) for init_mpu
    main.o(.text) refers to time.o(.text) for TIM2_Configuration
    main.o(.text) refers to lock.o(.text) for LOCK_Init
    main.o(.text) refers to f2d.o(.text) for __aeabi_f2d
    main.o(.text) refers to printfa.o(i.__0printf) for __2printf
    main.o(.text) refers to cfrcmple.o(.text) for __aeabi_cfrcmple
    main.o(.text) refers to cfcmple.o(.text) for __aeabi_cfcmple
    main.o(.text) refers to cdrcmple.o(.text) for __aeabi_cdrcmple
    main.o(.text) refers to cdcmple.o(.text) for __aeabi_cdcmple
    main.o(.text) refers to delay.o(.text) for delay_ms
    main.o(.text) refers to lock.o(.data) for mode_select
    main.o(.text) refers to main.o(.data) for mBICYCLE
    main.o(.text) refers to mpu9250.o(.data) for Pitch
    stm32f10x_it.o(.text) refers to stm32f10x_usart.o(.text) for USART_GetITStatus
    stm32f10x_it.o(.text) refers to lock.o(.text) for UnLock
    stm32f10x_it.o(.text) refers to stm32f10x_tim.o(.text) for TIM_GetITStatus
    stm32f10x_it.o(.text) refers to main.o(.data) for alarm
    stm32f10x_it.o(.text) refers to mpu9250.o(.data) for Time_Stamp
    delay.o(.text) refers to system_stm32f10x.o(.data) for SystemCoreClock
    mpu9250.o(.text) refers to inv_mpu.o(.text) for mpu_init
    mpu9250.o(.text) refers to printfa.o(i.__0printf) for __2printf
    mpu9250.o(.text) refers to inv_mpu_dmp_motion_driver.o(.text) for dmp_load_motion_driver_firmware
    mpu9250.o(.text) refers to mpu9250.o(.data) for gyro_orientation
    mpu9250.o(.text) refers to mpu9250.o(.bss) for acc_xyz_data
    mpu9250.o(.text) refers to fflti.o(.text) for __aeabi_i2f
    mpu9250.o(.text) refers to fdiv.o(.text) for __aeabi_fdiv
    mpu9250.o(.text) refers to fmul.o(.text) for __aeabi_fmul
    mpu9250.o(.text) refers to fadd.o(.text) for __aeabi_fadd
    mpu9250.o(.text) refers to ffltui.o(.text) for __aeabi_ui2f
    mpu9250.o(.text) refers to f2d.o(.text) for __aeabi_f2d
    mpu9250.o(.text) refers to sqrt.o(i.sqrt) for sqrt
    mpu9250.o(.text) refers to dadd.o(.text) for __aeabi_dsub
    mpu9250.o(.text) refers to dmul.o(.text) for __aeabi_dmul
    mpu9250.o(.text) refers to dfixi.o(.text) for __aeabi_d2iz
    mpu9250.o(.text) refers to asin.o(i.asin) for asin
    mpu9250.o(.text) refers to d2f.o(.text) for __aeabi_d2f
    mpu9250.o(.text) refers to atan2.o(i.atan2) for atan2
    mpu9250.o(.text) refers to cdcmple.o(.text) for __aeabi_cdcmpeq
    mpu9250.o(.text) refers to cdrcmple.o(.text) for __aeabi_cdrcmple
    mpu9250.o(.text) refers to cfcmple.o(.text) for __aeabi_cfcmple
    mpu9250.o(.text) refers to cfrcmple.o(.text) for __aeabi_cfrcmple
    inv_mpu.o(.text) refers to i2c.o(.text) for i2cwrite
    inv_mpu.o(.text) refers to delay.o(.text) for delay_ms
    inv_mpu.o(.text) refers to inv_mpu.o(.data) for st
    inv_mpu.o(.text) refers to printfa.o(i.__0printf) for __2printf
[...]
    ../mathlib/dunder.c                      0x00000000   Number         0  dunder.o ABSOLUTE
    ../mathlib/fpclassify.c                  0x00000000   Number         0  fpclassify.o ABSOLUTE
    ../mathlib/poly.c                        0x00000000   Number         0  poly.o ABSOLUTE
    ../mathlib/qnan.c                        0x00000000   Number         0  qnan.o ABSOLUTE
    ../mathlib/sqrt.c                        0x00000000   Number         0  sqrt.o ABSOLUTE
    ../mathlib/sqrt.c                        0x00000000   Number         0  sqrt_x.o ABSOLUTE
    ..\..\Libraries\CMSIS\core_cm3.c         0x00000000   Number         0  core_cm3.o ABSOLUTE
    ..\..\Libraries\CMSIS\startup\startup_stm32f10x_hd.s 0x00000000   Number         0  startup_stm32f10x_hd.o ABSOLUTE
    ..\..\Libraries\CMSIS\system_stm32f10x.c 0x00000000   Number         0  system_stm32f10x.o ABSOLUTE
    ..\..\Libraries\FWlib\src\misc.c         0x00000000   Number         0  misc.o ABSOLUTE
    ..\..\Libraries\FWlib\src\stm32f10x_adc.c 0x00000000   Number         0  stm32f10x_adc.o ABSOLUTE
    ..\..\Libraries\FWlib\src\stm32f10x_bkp.c 0x00000000   Number         0  stm32f10x_bkp.o ABSOLUTE
    ..\..\Libraries\FWlib\src\stm32f10x_can.c 0x00000000   Number         0  stm32f10x_can.o ABSOLUTE
    ..\..\Libraries\FWlib\src\stm32f10x_cec.c 0x00000000   Number         0  stm32f10x_cec.o ABSOLUTE
    ..\..\Libraries\FWlib\src\stm32f10x_crc.c 0x00000000   Number         0  stm32f10x_crc.o ABSOLUTE
    ..\..\Libraries\FWlib\src\stm32f10x_dac.c 0x00000000   Number         0  stm32f10x_dac.o ABSOLUTE
    ..\..\Libraries\FWlib\src\stm32f10x_dbgmcu.c 0x00000000   Number         0  stm32f10x_dbgmcu.o ABSOLUTE
    ..\..\Libraries\FWlib\src\stm32f10x_dma.c 0x00000000   Number         0  stm32f10x_dma.o ABSOLUTE
    ..\..\Libraries\FWlib\src\stm32f10x_exti.c 0x00000000   Number         0  stm32f10x_exti.o ABSOLUTE
    ..\..\Libraries\FWlib\src\stm32f10x_flash.c 0x00000000   Number         0  stm32f10x_flash.o ABSOLUTE
    ..\..\Libraries\FWlib\src\stm32f10x_fsmc.c 0x00000000   Number         0  stm32f10x_fsmc.o ABSOLUTE
    ..\..\Libraries\FWlib\src\stm32f10x_gpio.c 0x00000000   Number         0  stm32f10x_gpio.o ABSOLUTE
    ..\..\Libraries\FWlib\src\stm32f10x_i2c.c 0x00000000   Number         0  stm32f10x_i2c.o ABSOLUTE
    ..\..\Libraries\FWlib\src\stm32f10x_iwdg.c 0x00000000   Number         0  stm32f10x_iwdg.o ABSOLUTE
    ..\..\Libraries\FWlib\src\stm32f10x_pwr.c 0x00000000   Number         0  stm32f10x_pwr.o ABSOLUTE
    ..\..\Libraries\FWlib\src\stm32f10x_rcc.c 0x00000000   Number         0  stm32f10x_rcc.o ABSOLUTE
    ..\..\Libraries\FWlib\src\stm32f10x_rtc.c 0x00000000   Number         0  stm32f10x_rtc.o ABSOLUTE
    ..\..\Libraries\FWlib\src\stm32f10x_sdio.c 0x00000000   Number         0  stm32f10x_sdio.o ABSOLUTE
    ..\..\Libraries\FWlib\src\stm32f10x_spi.c 0x00000000   Number         0  stm32f10x_spi.o ABSOLUTE
    ..\..\Libraries\FWlib\src\stm32f10x_tim.c 0x00000000   Number         0  stm32f10x_tim.o ABSOLUTE
    ..\..\Libraries\FWlib\src\stm32f10x_usart.c 0x00000000   Number         0  stm32f10x_usart.o ABSOLUTE
    ..\..\Libraries\FWlib\src\stm32f10x_wwdg.c 0x00000000   Number         0  stm32f10x_wwdg.o ABSOLUTE
    ..\..\User\IIC\I2C.c                     0x00000000   Number         0  i2c.o ABSOLUTE
    ..\..\User\Led\bsp_led.c                 0x00000000   Number         0  bsp_led.o ABSOLUTE
    ..\..\User\MPU9250\eMPL\inv_mpu.c        0x00000000   Number         0  inv_mpu.o ABSOLUTE
    ..\..\User\MPU9250\eMPL\inv_mpu_dmp_motion_driver.c 0x00000000   Number         0  inv_mpu_dmp_motion_driver.o ABSOLUTE
    ..\..\User\MPU9250\mpu9250.c             0x00000000   Number         0  mpu9250.o ABSOLUTE
    ..\..\User\TIME\time.c                   0x00000000   Number         0  time.o ABSOLUTE
    ..\..\User\VL53L0X\VL53L0X\myiic\myiic.c 0x00000000   Number         0  myiic.o ABSOLUTE
    ..\..\User\VL53L0X\VL53L0X\vl53l0x\vl53l0x.c 0x00000000   Number         0  vl53l0x.o ABSOLUTE
    ..\..\User\delay\delay.c                 0x00000000   Number         0  delay.o ABSOLUTE
    ..\..\User\lock\lock.c                   0x00000000   Number         0  lock.o ABSOLUTE
    ..\..\User\main.c                        0x00000000   Number         0  main.o ABSOLUTE
    ..\..\User\stm32f10x_it.c                0x00000000   Number         0  stm32f10x_it.o ABSOLUTE
    ..\..\User\stopwatch\stopwatch.c         0x00000000   Number         0  stopwatch.o ABSOLUTE
    ..\..\User\sys\sys.c                     0x00000000   Number         0  sys.o ABSOLUTE
    ..\..\User\usart\usart.c                 0x00000000   Number         0  usart.o ABSOLUTE
    ..\\..\\Libraries\\CMSIS\\core_cm3.c     0x00000000   Number         0  core_cm3.o ABSOLUTE
    ..\\..\\User\\sys\\sys.c                 0x00000000   Number         0  sys.o ABSOLUTE
    cdcmple.s                                0x00000000   Number         0  cdcmple.o ABSOLUTE
    cdrcmple.s                               0x00000000   Number         0  cdrcmple.o ABSOLUTE
    cfcmple.s                                0x00000000   Number         0  cfcmple.o ABSOLUTE
    cfrcmple.s                               0x00000000   Number         0  cfrcmple.o ABSOLUTE
    dc.s                                     0x00000000   Number         0  dc.o ABSOLUTE
    handlers.s                               0x00000000   Number         0  handlers.o ABSOLUTE
    init.s                                   0x00000000   Number         0  init.o ABSOLUTE
    RESET                                    0x08000000   Section      304  startup_stm32f10x_hd.o(RESET)
    .ARM.Collect$$$$00000000                 0x08000130   Section        0  entry.o(.ARM.Collect$$$$00000000)
    .ARM.Collect$$$$00000001                 0x08000130   Section        4  entry2.o(.ARM.Collect$$$$00000001)
    .ARM.Collect$$$$00000004                 0x08000134   Section        4  entry5.o(.ARM.Collect$$$$00000004)
    .ARM.Collect$$$$00000008                 0x08000138   Section        0  entry7b.o(.ARM.Collect$$$$00000008)
    .ARM.Collect$$$$0000000A                 0x08000138   Section        0  entry8b.o(.ARM.Collect$$$$0000000A)
    .ARM.Collect$$$$0000000B                 0x08000138   Section        8  entry9a.o(.ARM.Collect$$$$0000000B)
    .ARM.Collect$$$$0000000D                 0x08000140   Section        0  entry10a.o(.ARM.Collect$$$$0000000D)
    .ARM.Collect$$$$0000000F                 0x08000140   Section        0  entry11a.o(.ARM.Collect$$$$0000000F)
    .ARM.Collect$$$$00002712                 0x08000140   Section        4  entry2.o(.ARM.Collect$$$$00002712)
    __lit__00000000                          0x08000140   Data           4  entry2.o(.ARM.Collect$$$$00002712)
    .text                                    0x08000144   Section       36  startup_stm32f10x_hd.o(.text)
    .text                                    0x08000168   Section        0  system_stm32f10x.o(.text)
    SetSysClockTo72                          0x08000169   Thumb Code   214  system_stm32f10x.o(.text)
    SetSysClock                              0x0800023f   Thumb Code     8  system_stm32f10x.o(.text)
    .text                                    0x08000348   Section        0  misc.o(.text)
    .text                                    0x08000424   Section        0  stm32f10x_dma.o(.text)
    .text                                    0x08000678   Section        0  stm32f10x_exti.o(.text)
    .text                                    0x08000794   Section        0  stm32f10x_gpio.o(.text)
    .text                                    0x08000af0   Section        0  stm32f10x_rcc.o(.text)
    .text                                    0x08000e94   Section        0  stm32f10x_tim.o(.text)
    TI4_Config                               0x0800133b   Thumb Code   130  stm32f10x_tim.o(.text)
    TI3_Config                               0x080013cf   Thumb Code   122  stm32f10x_tim.o(.text)
    TI2_Config                               0x08001463   Thumb Code   130  stm32f10x_tim.o(.text)
    TI1_Config                               0x080014f7   Thumb Code   108  stm32f10x_tim.o(.text)
    .text                                    0x08001cb0   Section        0  stm32f10x_usart.o(.text)
    .text                                    0x080020b8   Section        0  main.o(.text)
    .text                                    0x080028e0   Section        0  stm32f10x_it.o(.text)
    .text                                    0x08002a50   Section        0  delay.o(.text)
    .text                                    0x08002ad8   Section        0  mpu9250.o(.text)
    inv_row_2_scale                          0x08002ad9   Thumb Code    78  mpu9250.o(.text)
    inv_orientation_matrix_to_scalar         0x08002b27   Thumb Code    40  mpu9250.o(.text)
    .text                                    0x08004290   Section        0  inv_mpu.o(.text)
    set_int_enable                           0x08004291   Thumb Code   138  inv_mpu.o(.text)
    get_accel_prod_shift                     0x080054e1   Thumb Code   168  inv_mpu.o(.text)
    accel_self_test                          0x08005589   Thumb Code   164  inv_mpu.o(.text)
    gyro_self_test                           0x0800562d   Thumb Code   280  inv_mpu.o(.text)
    get_st_biases                            0x08005745   Thumb Code  1136  inv_mpu.o(.text)
    setup_compass                            0x08005f15   Thumb Code     6  inv_mpu.o(.text)
    .text                                    0x08006130   Section        0  bsp_led.o(.text)
    EXTI_NVIC_Configuration                  0x08006131   Thumb Code    40  bsp_led.o(.text)
    .text                                    0x08006294   Section        0  inv_mpu_dmp_motion_driver.o(.text)
    decode_gesture                           0x08006d39   Thumb Code    94  inv_mpu_dmp_motion_driver.o(.text)
    .text                                    0x08006ff4   Section        0  time.o(.text)
    .text                                    0x080070d8   Section        0  usart.o(.text)
    .text                                    0x080073c0   Section        0  i2c.o(.text)
    I2C_delay                                0x080073e5   Thumb Code    22  i2c.o(.text)
    I2C_Start                                0x080073fb   Thumb Code    86  i2c.o(.text)
    I2C_Stop                                 0x08007451   Thumb Code    52  i2c.o(.text)
    I2C_Ack                                  0x08007485   Thumb Code    52  i2c.o(.text)
    I2C_NoAck                                0x080074b9   Thumb Code    52  i2c.o(.text)
    I2C_WaitAck                              0x080074ed   Thumb Code    74  i2c.o(.text)
    I2C_SendByte                             0x08007537   Thumb Code    84  i2c.o(.text)
    I2C_ReceiveByte                          0x0800758b   Thumb Code    82  i2c.o(.text)
    .text                                    0x08007754   Section        0  myiic.o(.text)
    .text                                    0x080079c0   Section        0  vl53l0x.o(.text)
    .text                                    0x08007b00   Section        0  lock.o(.text)
    .text                                    0x08007c54   Section        0  ldiv.o(.text)
    .text                                    0x08007cb6   Section        0  memseta.o(.text)
    .text                                    0x08007cda   Section        0  memcmp.o(.text)
    .text                                    0x08007cf4   Section        0  fadd.o(.text)
    .text                                    0x08007da4   Section        0  fmul.o(.text)
    .text                                    0x08007e08   Section        0  fdiv.o(.text)
    .text                                    0x08007e84   Section        0  dadd.o(.text)
    .text                                    0x08007fd2   Section        0  dmul.o(.text)
    .text                                    0x080080b6   Section        0  ddiv.o(.text)
    .text                                    0x08008194   Section        0  fflti.o(.text)
    .text                                    0x080081a6   Section        0  ffltui.o(.text)
    .text                                    0x080081b0   Section        0  ffixi.o(.text)
    .text                                    0x080081e2   Section        0  ffixui.o(.text)
    .text                                    0x0800820a   Section        0  dfixi.o(.text)
    .text                                    0x08008248   Section        0  f2d.o(.text)
    .text                                    0x08008270   Section       48  cdcmple.o(.text)
    .text                                    0x080082a0   Section       48  cdrcmple.o(.text)
    .text                                    0x080082d0   Section        0  d2f.o(.text)
    .text                                    0x08008308   Section       20  cfcmple.o(.text)
    .text                                    0x0800831c   Section       20  cfrcmple.o(.text)
    .text                                    0x08008330   Section        0  uidiv.o(.text)
    .text                                    0x0800835c   Section        0  uldiv.o(.text)
    .text                                    0x080083be   Section        0  llshl.o(.text)
    .text                                    0x080083dc   Section        0  llushr.o(.text)
    .text                                    0x080083fc   Section        0  llsshr.o(.text)
    .text                                    0x08008420   Section        0  iusefp.o(.text)
    .text                                    0x08008420   Section        0  fepilogue.o(.text)
    .text                                    0x0800848e   Section        0  depilogue.o(.text)
    .text                                    0x08008548   Section        0  dscalb.o(.text)
    .text                                    0x08008576   Section        0  dsqrt.o(.text)
    .text                                    0x08008618   Section        0  dfixul.o(.text)
    .text                                    0x08008648   Section       36  init.o(.text)
    i.__0printf                              0x0800866c   Section        0  printfa.o(i.__0printf)
    i.__ARM_fpclassify                       0x0800868c   Section        0  fpclassify.o(i.__ARM_fpclassify)
    i.__kernel_poly                          0x080086b4   Section        0  poly.o(i.__kernel_poly)
    i.__mathlib_dbl_infnan                   0x0800875e   Section        0  dunder.o(i.__mathlib_dbl_infnan)
    i.__mathlib_dbl_infnan2                  0x08008764   Section        0  dunder.o(i.__mathlib_dbl_infnan2)
    i.__mathlib_dbl_invalid                  0x08008768   Section        0  dunder.o(i.__mathlib_dbl_invalid)
    i.__mathlib_dbl_underflow                0x08008774   Section        0  dunder.o(i.__mathlib_dbl_underflow)
    i.__scatterload_copy                     0x08008784   Section       14  handlers.o(i.__scatterload_copy)
    i.__scatterload_null                     0x08008792   Section        2  handlers.o(i.__scatterload_null)
    i.__scatterload_zeroinit                 0x08008794   Section       14  handlers.o(i.__scatterload_zeroinit)
    i.__set_errno                            0x080087a4   Section        0  errno.o(i.__set_errno)
    i._fp_digits                             0x080087b0   Section        0  printfa.o(i._fp_digits)
    _fp_digits                               0x080087b1   Thumb Code   334  printfa.o(i._fp_digits)
    i._printf_core                           0x08008914   Section        0  printfa.o(i._printf_core)
    _printf_core                             0x08008915   Thumb Code  1744  printfa.o(i._printf_core)
    i._printf_post_padding                   0x08008ff0   Section        0  printfa.o(i._printf_post_padding)
    _printf_post_padding                     0x08008ff1   Thumb Code    36  printfa.o(i._printf_post_padding)
    i._printf_pre_padding                    0x08009014   Section        0  printfa.o(i._printf_pre_padding)
    _printf_pre_padding                      0x08009015   Thumb Code    46  printfa.o(i._printf_pre_padding)
    i.asin                                   0x08009044   Section        0  asin.o(i.asin)
    i.atan                                   0x080092b4   Section        0  atan.o(i.atan)
    i.atan2                                  0x080094d4   Section        0  atan2.o(i.atan2)
    i.sqrt                                   0x08009654   Section        0  sqrt.o(i.sqrt)
    .constdata                               0x080096a0   Section       80  inv_mpu.o(.constdata)
    .constdata                               0x080096f0   Section     3062  inv_mpu_dmp_motion_driver.o(.constdata)
    dmp_memory                               0x080096f0   Data        3062  inv_mpu_dmp_motion_driver.o(.constdata)
    .constdata                               0x0800a2e8   Section       80  asin.o(.constdata)
    pS                                       0x0800a2e8   Data          48  asin.o(.constdata)
    qS                                       0x0800a318   Data          32  asin.o(.constdata)
    .constdata                               0x0800a338   Section      152  atan.o(.constdata)
    atanhi                                   0x0800a338   Data          32  atan.o(.constdata)
    atanlo                                   0x0800a358   Data          32  atan.o(.constdata)
    aTodd                                    0x0800a378   Data          40  atan.o(.constdata)
    aTeven                                   0x0800a3a0   Data          48  atan.o(.constdata)
    .constdata                               0x0800a3d0   Section        8  qnan.o(.constdata)
    .conststring                             0x0800a3d8   Section       77  inv_mpu.o(.conststring)
    .data                                    0x20000000   Section       20  system_stm32f10x.o(.data)
    .data                                    0x20000014   Section       20  stm32f10x_rcc.o(.data)
    APBAHBPrescTable                         0x20000014   Data          16  stm32f10x_rcc.o(.data)
    ADCPrescTable                            0x20000024   Data           4  stm32f10x_rcc.o(.data)
    .data                                    0x20000028   Section       50  main.o(.data)
    gyro_orientation                         0x20000028   Data           9  main.o(.data)
    stand_shake_lift_flag                    0x2000004b   Data           1  main.o(.data)
    dis_z                                    0x2000004c   Data           4  main.o(.data)
    first_to_stand                           0x20000050   Data           1  main.o(.data)
    first_to_fall                            0x20000051   Data           1  main.o(.data)
    first_to_lift                            0x20000052   Data           1  main.o(.data)
    first_to_shake                           0x20000053   Data           1  main.o(.data)
    lift_stand_cnt                           0x20000054   Data           1  main.o(.data)
    shake_stand_cnt                          0x20000055   Data           1  main.o(.data)
    lift_fall_cnt                            0x20000056   Data           1  main.o(.data)
    shake_fall_cnt                           0x20000057   Data           1  main.o(.data)
    isBroken                                 0x20000058   Data           1  main.o(.data)
    firstToMain                              0x20000059   Data           1  main.o(.data)
    .data                                    0x2000005c   Section       88  mpu9250.o(.data)
    gyro_orientation                         0x2000005c   Data           9  mpu9250.o(.data)
    count                                    0x2000008e   Data           2  mpu9250.o(.data)
    fifter_flag                              0x20000090   Data           1  mpu9250.o(.data)
    offset_count                             0x20000091   Data           1  mpu9250.o(.data)
    wave_state                               0x20000092   Data           1  mpu9250.o(.data)
    valley_flag                              0x20000093   Data           1  mpu9250.o(.data)
    isDown                                   0x20000094   Data           1  mpu9250.o(.data)
    offset_update_z                          0x20000098   Data           4  mpu9250.o(.data)
    speed                                    0x2000009c   Data           4  mpu9250.o(.data)
    last_accel_z                             0x200000a0   Data           4  mpu9250.o(.data)
    dis                                      0x200000a4   Data           4  mpu9250.o(.data)
    valley_dis                               0x200000a8   Data           4  mpu9250.o(.data)
    valley_min                               0x200000ac   Data           4  mpu9250.o(.data)
    down_peak                                0x200000b0   Data           4  mpu9250.o(.data)
    .data                                    0x200000b4   Section       44  inv_mpu.o(.data)
    st                                       0x200000b4   Data          44  inv_mpu.o(.data)
    .data                                    0x200000e0   Section       26  usart.o(.data)
    .data                                    0x200000fa   Section        1  lock.o(.data)
    .data                                    0x200000fc   Section        4  stdout.o(.data)
    .data                                    0x20000100   Section        4  errno.o(.data)
    _errno                                   0x20000100   Data           4  errno.o(.data)
    .bss                                     0x20000104   Section       96  mpu9250.o(.bss)
    .bss                                     0x20000164   Section       16  inv_mpu_dmp_motion_driver.o(.bss)
    dmp                                      0x20000164   Data          16  inv_mpu_dmp_motion_driver.o(.bss)
    STACK                                    0x20000178   Section     1024  startup_stm32f10x_hd.o(STACK)

    Global Symbols

    Symbol Name                              Value     Ov Type        Size  Object(Section)

    BuildAttributes$$THM_ISAv4$P$D$K$B$S$PE$A:L22UL41UL21$X:L11$S22US41US21$IEEE1$IW$USESV6$~STKCKD$USESV7$~SHL$OTIME$ROPI$IEEEX$EBA8$MICROLIB$REQ8$PRES8$EABIv2 0x00000000   Number         0  anon$$obj.o ABSOLUTE
    __ARM_use_no_argv                        0x00000000   Number         0  main.o ABSOLUTE
    _printf_a                                0x00000000   Number         0  stubs.o ABSOLUTE
    _printf_c                                0x00000000   Number         0  stubs.o ABSOLUTE
    _printf_charcount                        0x00000000   Number         0  stubs.o ABSOLUTE
    _printf_d                                0x00000000   Number         0  stubs.o ABSOLUTE
    _printf_e                                0x00000000   Number         0  stubs.o ABSOLUTE
    _printf_f                                0x00000000   Number         0  stubs.o ABSOLUTE
    _printf_flags                            0x00000000   Number         0  stubs.o ABSOLUTE
    _printf_fp_dec                           0x00000000   Number         0  stubs.o ABSOLUTE
    _printf_fp_hex                           0x00000000   Number         0  stubs.o ABSOLUTE
    _printf_g                                0x00000000   Number         0  stubs.o ABSOLUTE
    _printf_i                                0x00000000   Number         0  stubs.o ABSOLUTE
    _printf_int_dec                          0x00000000   Number         0  stubs.o ABSOLUTE
    _printf_l                                0x00000000   Number         0  stubs.o ABSOLUTE
    _printf_lc                               0x00000000   Number         0  stubs.o ABSOLUTE
    _printf_ll                               0x00000000   Number         0  stubs.o ABSOLUTE
    _printf_lld                              0x00000000   Number         0  stubs.o ABSOLUTE
    _printf_lli                              0x00000000   Number         0  stubs.o ABSOLUTE
    _printf_llo                              0x00000000   Number         0  stubs.o ABSOLUTE
    _printf_llu                              0x00000000   Number         0  stubs.o ABSOLUTE
    _printf_llx                              0x00000000   Number         0  stubs.o ABSOLUTE
    _printf_longlong_dec                     0x00000000   Number         0  stubs.o ABSOLUTE
    _printf_longlong_hex                     0x00000000   Number         0  stubs.o ABSOLUTE
    _printf_longlong_oct                     0x00000000   Number         0  stubs.o ABSOLUTE
    _printf_ls                               0x00000000   Number         0  stubs.o ABSOLUTE
    _printf_mbtowc                           0x00000000   Number         0  stubs.o ABSOLUTE
    _printf_n                                0x00000000   Number         0  stubs.o ABSOLUTE
    _printf_o                                0x00000000   Number         0  stubs.o ABSOLUTE
    _printf_p                                0x00000000   Number         0  stubs.o ABSOLUTE
    _printf_percent                          0x00000000   Number         0  stubs.o ABSOLUTE
    _printf_pre_padding                      0x00000000   Number         0  stubs.o ABSOLUTE
    _printf_return_value                     0x00000000   Number         0  stubs.o ABSOLUTE
    _printf_s                                0x00000000   Number         0  stubs.o ABSOLUTE
    _printf_sizespec                         0x00000000   Number         0  stubs.o ABSOLUTE
    _printf_str                              0x00000000   Number         0  stubs.o ABSOLUTE
    _printf_truncate_signed                  0x00000000   Number         0  stubs.o ABSOLUTE
    _printf_truncate_unsigned                0x00000000   Number         0  stubs.o ABSOLUTE
    _printf_u                                0x00000000   Number         0  stubs.o ABSOLUTE
    _printf_wc                               0x00000000   Number         0  stubs.o ABSOLUTE
    _printf_wctomb                           0x00000000   Number         0  stubs.o ABSOLUTE
    _printf_widthprec                        0x00000000   Number         0  stubs.o ABSOLUTE
    _printf_x                                0x00000000   Number         0  stubs.o ABSOLUTE
    __cpp_initialize__aeabi_                  - Undefined Weak Reference
    __cxa_finalize                            - Undefined Weak Reference
    __decompress                              - Undefined Weak Reference
    _clock_init                               - Undefined Weak Reference
    _microlib_exit                            - Undefined Weak Reference
    __Vectors_Size                           0x00000130   Number         0  startup_stm32f10x_hd.o ABSOLUTE
    __Vectors                                0x08000000   Data           4  startup_stm32f10x_hd.o(RESET)
    __Vectors_End                            0x08000130   Data           0  startup_stm32f10x_hd.o(RESET)
    __main                                   0x08000131   Thumb Code     0  entry.o(.ARM.Collect$$$$00000000)
    _main_stk                                0x08000131   Thumb Code     0  entry2.o(.ARM.Collect$$$$00000001)
    _main_scatterload                        0x08000135   Thumb Code     0  entry5.o(.ARM.Collect$$$$00000004)
    __main_after_scatterload                 0x08000139   Thumb Code     0  entry5.o(.ARM.Collect$$$$00000004)
    _main_clock                              0x08000139   Thumb Code     0  entry7b.o(.ARM.Collect$$$$00000008)
    _main_cpp_init                           0x08000139   Thumb Code     0  entry8b.o(.ARM.Collect$$$$0000000A)
    _main_init                               0x08000139   Thumb Code     0  entry9a.o(.ARM.Collect$$$$0000000B)
    __rt_final_cpp                           0x08000141   Thumb Code     0  entry10a.o(.ARM.Collect$$$$0000000D)
    __rt_final_exit                          0x08000141   Thumb Code     0  entry11a.o(.ARM.Collect$$$$0000000F)
    Reset_Handler                            0x08000145   Thumb Code     8  startup_stm32f10x_hd.o(.text)
    ADC1_2_IRQHandler                        0x0800015f   Thumb Code     0  startup_stm32f10x_hd.o(.text)
    ADC3_IRQHandler                          0x0800015f   Thumb Code     0  startup_stm32f10x_hd.o(.text)
    CAN1_RX1_IRQHandler                      0x0800015f   Thumb Code     0  startup_stm32f10x_hd.o(.text)
    CAN1_SCE_IRQHandler                      0x0800015f   Thumb Code     0  startup_stm32f10x_hd.o(.text)
    DMA1_Channel1_IRQHandler                 0x0800015f   Thumb Code     0  startup_stm32f10x_hd.o(.text)
    DMA1_Channel2_IRQHandler                 0x0800015f   Thumb Code     0  startup_stm32f10x_hd.o(.text)
    DMA1_Channel3_IRQHandler                 0x0800015f   Thumb Code     0  startup_stm32f10x_hd.o(.text)
    DMA1_Channel4_IRQHandler                 0x0800015f   Thumb Code     0  startup_stm32f10x_hd.o(.text)
    DMA1_Channel5_IRQHandler                 0x0800015f   Thumb Code     0  startup_stm32f10x_hd.o(.text)
    DMA1_Channel6_IRQHandler                 0x0800015f   Thumb Code     0  startup_stm32f10x_hd.o(.text)
    DMA1_Channel7_IRQHandler                 0x0800015f   Thumb Code     0  startup_stm32f10x_hd.o(.text)
    DMA2_Channel1_IRQHandler                 0x0800015f   Thumb Code     0  startup_stm32f10x_hd.o(.text)
    DMA2_Channel2_IRQHandler                 0x0800015f   Thumb Code     0  startup_stm32f10x_hd.o(.text)
    DMA2_Channel3_IRQHandler                 0x0800015f   Thumb Code     0  startup_stm32f10x_hd.o(.text)
    DMA2_Channel4_5_IRQHandler               0x0800015f   Thumb Code     0  startup_stm32f10x_hd.o(.text)
    EXTI0_IRQHandler                         0x0800015f   Thumb Code     0  startup_stm32f10x_hd.o(.text)
    EXTI15_10_IRQHandler                     0x0800015f   Thumb Code     0  startup_stm32f10x_hd.o(.text)
    EXTI1_IRQHandler                         0x0800015f   Thumb Code     0  startup_stm32f10x_hd.o(.text)
    EXTI2_IRQHandler                         0x0800015f   Thumb Code     0  startup_stm32f10x_hd.o(.text)
    EXTI3_IRQHandler                         0x0800015f   Thumb Code     0  startup_stm32f10x_hd.o(.text)
    EXTI4_IRQHandler                         0x0800015f   Thumb Code     0  startup_stm32f10x_hd.o(.text)
    EXTI9_5_IRQHandler                       0x0800015f   Thumb Code     0  startup_stm32f10x_hd.o(.text)
    FLASH_IRQHandler                         0x0800015f   Thumb Code     0  startup_stm32f10x_hd.o(.text)
    FSMC_IRQHandler                          0x0800015f   Thumb Code     0  startup_stm32f10x_hd.o(.text)
    I2C1_ER_IRQHandler                       0x0800015f   Thumb Code     0  startup_stm32f10x_hd.o(.text)
    I2C1_EV_IRQHandler                       0x0800015f   Thumb Code     0  startup_stm32f10x_hd.o(.text)
    I2C2_ER_IRQHandler                       0x0800015f   Thumb Code     0  startup_stm32f10x_hd.o(.text)
    I2C2_EV_IRQHandler                       0x0800015f   Thumb Code     0  startup_stm32f10x_hd.o(.text)
    PVD_IRQHandler                           0x0800015f   Thumb Code     0  startup_stm32f10x_hd.o(.text)
    RCC_IRQHandler                           0x0800015f   Thumb Code     0  startup_stm32f10x_hd.o(.text)
    RTCAlarm_IRQHandler                      0x0800015f   Thumb Code     0  startup_stm32f10x_hd.o(.text)
    RTC_IRQHandler                           0x0800015f   Thumb Code     0  startup_stm32f10x_hd.o(.text)
    SDIO_IRQHandler                          0x0800015f   Thumb Code     0  startup_stm32f10x_hd.o(.text)
    SPI1_IRQHandler                          0x0800015f   Thumb Code     0  startup_stm32f10x_hd.o(.text)
    SPI2_IRQHandler                          0x0800015f   Thumb Code     0  startup_stm32f10x_hd.o(.text)
    SPI3_IRQHandler                          0x0800015f   Thumb Code     0  startup_stm32f10x_hd.o(.text)
    TAMPER_IRQHandler                        0x0800015f   Thumb Code     0  startup_stm32f10x_hd.o(.text)
    TIM1_BRK_IRQHandler                      0x0800015f   Thumb Code     0  startup_stm32f10x_hd.o(.text)
    TIM1_CC_IRQHandler                       0x0800015f   Thumb Code     0  startup_stm32f10x_hd.o(.text)
    TIM1_TRG_COM_IRQHandler                  0x0800015f   Thumb Code     0  startup_stm32f10x_hd.o(.text)
    TIM1_UP_IRQHandler                       0x0800015f   Thumb Code     0  startup_stm32f10x_hd.o(.text)
    TIM3_IRQHandler                          0x0800015f   Thumb Code     0  startup_stm32f10x_hd.o(.text)
    TIM4_IRQHandler                          0x0800015f   Thumb Code     0  startup_stm32f10x_hd.o(.text)
    TIM5_IRQHandler                          0x0800015f   Thumb Code     0  startup_stm32f10x_hd.o(.text)
    TIM6_IRQHandler                          0x0800015f   Thumb Code     0  startup_stm32f10x_hd.o(.text)
    TIM7_IRQHandler                          0x0800015f   Thumb Code     0  startup_stm32f10x_hd.o(.text)
    TIM8_BRK_IRQHandler                      0x0800015f   Thumb Code     0  startup_stm32f10x_hd.o(.text)
    TIM8_CC_IRQHandler                       0x0800015f   Thumb Code     0  startup_stm32f10x_hd.o(.text)
    TIM8_TRG_COM_IRQHandler                  0x0800015f   Thumb Code     0  startup_stm32f10x_hd.o(.text)
    TIM8_UP_IRQHandler                       0x0800015f   Thumb Code     0  startup_stm32f10x_hd.o(.text)
    UART4_IRQHandler                         0x0800015f   Thumb Code     0  startup_stm32f10x_hd.o(.text)
    UART5_IRQHandler                         0x0800015f   Thumb Code     0  startup_stm32f10x_hd.o(.text)
    USART1_IRQHandler                        0x0800015f   Thumb Code     0  startup_stm32f10x_hd.o(.text)
    USART3_IRQHandler                        0x0800015f   Thumb Code     0  startup_stm32f10x_hd.o(.text)
    USBWakeUp_IRQHandler                     0x0800015f   Thumb Code     0  startup_stm32f10x_hd.o(.text)
    USB_HP_CAN1_TX_IRQHandler                0x0800015f   Thumb Code     0  startup_stm32f10x_hd.o(.text)
    USB_LP_CAN1_RX0_IRQHandler               0x0800015f   Thumb Code     0  startup_stm32f10x_hd.o(.text)
    WWDG_IRQHandler                          0x0800015f   Thumb Code     0  startup_stm32f10x_hd.o(.text)
    SystemInit                               0x08000247   Thumb Code    78  system_stm32f10x.o(.text)
    SystemCoreClockUpdate                    0x08000295   Thumb Code   142  system_stm32f10x.o(.text)
    NVIC_PriorityGroupConfig                 0x08000349   Thumb Code    10  misc.o(.text)
    NVIC_Init                                0x08000353   Thumb Code   100  misc.o(.text)
    NVIC_SetVectorTable                      0x080003b7   Thumb Code    14  misc.o(.text)
    NVIC_SystemLPConfig                      0x080003c5   Thumb Code    34  misc.o(.text)
    SysTick_CLKSourceConfig                  0x080003e7   Thumb Code    40  misc.o(.text)
    DMA_DeInit                               0x08000425   Thumb Code   324  stm32f10x_dma.o(.text)
    DMA_Init                                 0x08000569   Thumb Code    60  stm32f10x_dma.o(.text)
    DMA_StructInit                           0x080005a5   Thumb Code    26  stm32f10x_dma.o(.text)
    DMA_Cmd                                  0x080005bf   Thumb Code    24  stm32f10x_dma.o(.text)
    DMA_ITConfig                             0x080005d7   Thumb Code    18  stm32f10x_dma.o(.text)
    DMA_SetCurrDataCounter                   0x080005e9   Thumb Code     4  stm32f10x_dma.o(.text)
    DMA_GetCurrDataCounter                   0x080005ed   Thumb Code     8  stm32f10x_dma.o(.text)
    DMA_GetFlagStatus                        0x080005f5   Thumb Code    40  stm32f10x_dma.o(.text)
    DMA_ClearFlag                            0x0800061d   Thumb Code    22  stm32f10x_dma.o(.text)
    DMA_GetITStatus                          0x08000633   Thumb Code    40  stm32f10x_dma.o(.text)
    DMA_ClearITPendingBit                    0x0800065b   Thumb Code    22  stm32f10x_dma.o(.text)
    EXTI_DeInit                              0x08000679   Thumb Code    28  stm32f10x_exti.o(.text)
    EXTI_Init                                0x08000695   Thumb Code   142  stm32f10x_exti.o(.text)
    EXTI_StructInit                          0x08000723   Thumb Code    16  stm32f10x_exti.o(.text)
    EXTI_GenerateSWInterrupt                 0x08000733   Thumb Code    16  stm32f10x_exti.o(.text)
    EXTI_GetFlagStatus                       0x08000743   Thumb Code    22  stm32f10x_exti.o(.text)
    EXTI_ClearFlag                           0x08000759   Thumb Code     8  stm32f10x_exti.o(.text)
    EXTI_GetITStatus                         0x08000761   Thumb Code    34  stm32f10x_exti.o(.text)
    EXTI_ClearITPendingBit                   0x08000783   Thumb Code     8  stm32f10x_exti.o(.text)
    GPIO_DeInit                              0x08000795   Thumb Code   172  stm32f10x_gpio.o(.text)
    GPIO_AFIODeInit                          0x08000841   Thumb Code    20  stm32f10x_gpio.o(.text)
    GPIO_Init                                0x08000855   Thumb Code   278  stm32f10x_gpio.o(.text)
    GPIO_StructInit                          0x0800096b   Thumb Code    16  stm32f10x_gpio.o(.text)
    GPIO_ReadInputDataBit                    0x0800097b   Thumb Code    18  stm32f10x_gpio.o(.text)
    GPIO_ReadInputData                       0x0800098d   Thumb Code     8  stm32f10x_gpio.o(.text)
    GPIO_ReadOutputDataBit                   0x08000995   Thumb Code    18  stm32f10x_gpio.o(.text)
    GPIO_ReadOutputData                      0x080009a7   Thumb Code     8  stm32f10x_gpio.o(.text)
    GPIO_SetBits                             0x080009af   Thumb Code     4  stm32f10x_gpio.o(.text)
    GPIO_ResetBits                           0x080009b3   Thumb Code     4  stm32f10x_gpio.o(.text)
    GPIO_WriteBit                            0x080009b7   Thumb Code    10  stm32f10x_gpio.o(.text)
    GPIO_Write                               0x080009c1   Thumb Code     4  stm32f10x_gpio.o(.text)
    GPIO_PinLockConfig                       0x080009c5   Thumb Code    18  stm32f10x_gpio.o(.text)
    GPIO_EventOutputConfig                   0x080009d7   Thumb Code    26  stm32f10x_gpio.o(.text)
    GPIO_EventOutputCmd                      0x080009f1   Thumb Code     6  stm32f10x_gpio.o(.text)
    GPIO_PinRemapConfig                      0x080009f7   Thumb Code   138  stm32f10x_gpio.o(.text)
    GPIO_EXTILineConfig                      0x08000a81   Thumb Code    66  stm32f10x_gpio.o(.text)
    GPIO_ETH_MediaInterfaceConfig            0x08000ac3   Thumb Code     8  stm32f10x_gpio.o(.text)
    RCC_DeInit                               0x08000af1   Thumb Code    64  stm32f10x_rcc.o(.text)
    RCC_HSEConfig                            0x08000b31   Thumb Code    70  stm32f10x_rcc.o(.text)
    RCC_GetFlagStatus                        0x08000b77   Thumb Code    56  stm32f10x_rcc.o(.text)
    RCC_WaitForHSEStartUp                    0x08000baf   Thumb Code    56  stm32f10x_rcc.o(.text)
    RCC_AdjustHSICalibrationValue            0x08000be7   Thumb Code    20  stm32f10x_rcc.o(.text)
    RCC_HSICmd                               0x08000bfb   Thumb Code     6  stm32f10x_rcc.o(.text)
    RCC_PLLConfig                            0x08000c01   Thumb Code    24  stm32f10x_rcc.o(.text)
    RCC_PLLCmd                               0x08000c19   Thumb Code     6  stm32f10x_rcc.o(.text)
    RCC_SYSCLKConfig                         0x08000c1f   Thumb Code    18  stm32f10x_rcc.o(.text)
    RCC_GetSYSCLKSource                      0x08000c31   Thumb Code    10  stm32f10x_rcc.o(.text)
    RCC_HCLKConfig                           0x08000c3b   Thumb Code    18  stm32f10x_rcc.o(.text)
    RCC_PCLK1Config                          0x08000c4d   Thumb Code    18  stm32f10x_rcc.o(.text)
    RCC_PCLK2Config                          0x08000c5f   Thumb Code    20  stm32f10x_rcc.o(.text)
    RCC_ITConfig                             0x08000c73   Thumb Code    26  stm32f10x_rcc.o(.text)
    RCC_USBCLKConfig                         0x08000c8d   Thumb Code     8  stm32f10x_rcc.o(.text)
    RCC_ADCCLKConfig                         0x08000c95   Thumb Code    18  stm32f10x_rcc.o(.text)
    RCC_LSEConfig                            0x08000ca7   Thumb Code    50  stm32f10x_rcc.o(.text)
    RCC_LSICmd                               0x08000cd9   Thumb Code     6  stm32f10x_rcc.o(.text)
    RCC_RTCCLKConfig                         0x08000cdf   Thumb Code    12  stm32f10x_rcc.o(.text)
    RCC_RTCCLKCmd                            0x08000ceb   Thumb Code     8  stm32f10x_rcc.o(.text)
    RCC_GetClocksFreq                        0x08000cf3   Thumb Code   192  stm32f10x_rcc.o(.text)
    RCC_AHBPeriphClockCmd                    0x08000db3   Thumb Code    26  stm32f10x_rcc.o(.text)
    RCC_APB2PeriphClockCmd                   0x08000dcd   Thumb Code    26  stm32f10x_rcc.o(.text)
    RCC_APB1PeriphClockCmd                   0x08000de7   Thumb Code    26  stm32f10x_rcc.o(.text)
    RCC_APB2PeriphResetCmd                   0x08000e01   Thumb Code    26  stm32f10x_rcc.o(.text)
    RCC_APB1PeriphResetCmd                   0x08000e1b   Thumb Code    26  stm32f10x_rcc.o(.text)
    RCC_BackupResetCmd                       0x08000e35   Thumb Code     8  stm32f10x_rcc.o(.text)
    RCC_ClockSecuritySystemCmd               0x08000e3d   Thumb Code     6  stm32f10x_rcc.o(.text)
    RCC_MCOConfig                            0x08000e43   Thumb Code     6  stm32f10x_rcc.o(.text)
    RCC_ClearFlag                            0x08000e49   Thumb Code    14  stm32f10x_rcc.o(.text)
    RCC_GetITStatus                          0x08000e57   Thumb Code    20  stm32f10x_rcc.o(.text)
    RCC_ClearITPendingBit                    0x08000e6b   Thumb Code     6  stm32f10x_rcc.o(.text)
    TIM_DeInit                               0x08000e95   Thumb Code   424  stm32f10x_tim.o(.text)
    TIM_TimeBaseInit                         0x0800103d   Thumb Code   122  stm32f10x_tim.o(.text)
    TIM_OC1Init                              0x080010b7   Thumb Code   132  stm32f10x_tim.o(.text)
    TIM_OC2Init                              0x0800113b   Thumb Code   154  stm32f10x_tim.o(.text)
    TIM_OC3Init                              0x080011d5   Thumb Code   150  stm32f10x_tim.o(.text)
    TIM_OC4Init                              0x0800126b   Thumb Code   182  stm32f10x_tim.o(.text)
    TIM_SetIC4Prescaler                      0x08001321   Thumb Code    26  stm32f10x_tim.o(.text)
    TIM_SetIC3Prescaler                      0x080013bd   Thumb Code    18  stm32f10x_tim.o(.text)
    TIM_SetIC2Prescaler                      0x08001449   Thumb Code    26  stm32f10x_tim.o(.text)
    TIM_SetIC1Prescaler                      0x080014e5   Thumb Code    18  stm32f10x_tim.o(.text)
    TIM_ICInit                               0x08001563   Thumb Code   150  stm32f10x_tim.o(.text)
    TIM_PWMIConfig                           0x080015f9   Thumb Code   124  stm32f10x_tim.o(.text)
    TIM_BDTRConfig                           0x08001675   Thumb Code    32  stm32f10x_tim.o(.text)
    TIM_TimeBaseStructInit                   0x08001695   Thumb Code    18  stm32f10x_tim.o(.text)
    TIM_OCStructInit                         0x080016a7   Thumb Code    20  stm32f10x_tim.o(.text)
    TIM_ICStructInit                         0x080016bb   Thumb Code    18  stm32f10x_tim.o(.text)
    TIM_BDTRStructInit                       0x080016cd   Thumb Code    40  stm32f10x_tim.o(.text)
    TIM_Cmd                                  0x080016f5   Thumb Code    24  stm32f10x_tim.o(.text)
    TIM_CtrlPWMOutputs                       0x0800170d   Thumb Code    30  stm32f10x_tim.o(.text)
    TIM_ITConfig                             0x0800172b   Thumb Code    18  stm32f10x_tim.o(.text)
    TIM_GenerateEvent                        0x0800173d   Thumb Code     4  stm32f10x_tim.o(.text)
    TIM_DMAConfig                            0x08001741   Thumb Code    10  stm32f10x_tim.o(.text)
    TIM_DMACmd                               0x0800174b   Thumb Code    18  stm32f10x_tim.o(.text)
    TIM_InternalClockConfig                  0x0800175d   Thumb Code    12  stm32f10x_tim.o(.text)
    TIM_SelectInputTrigger                   0x08001769   Thumb Code    18  stm32f10x_tim.o(.text)
    TIM_ITRxExternalClockConfig              0x0800177b   Thumb Code    24  stm32f10x_tim.o(.text)
    TIM_TIxExternalClockConfig               0x08001793   Thumb Code    62  stm32f10x_tim.o(.text)
    TIM_ETRConfig                            0x080017d1   Thumb Code    28  stm32f10x_tim.o(.text)
    TIM_ETRClockMode1Config                  0x080017ed   Thumb Code    54  stm32f10x_tim.o(.text)
    TIM_ETRClockMode2Config                  0x08001823   Thumb Code    32  stm32f10x_tim.o(.text)
    TIM_PrescalerConfig                      0x08001843   Thumb Code     6  stm32f10x_tim.o(.text)
    TIM_CounterModeConfig                    0x08001849   Thumb Code    18  stm32f10x_tim.o(.text)
    TIM_EncoderInterfaceConfig               0x0800185b   Thumb Code    66  stm32f10x_tim.o(.text)
    TIM_ForcedOC1Config                      0x0800189d   Thumb Code    18  stm32f10x_tim.o(.text)
    TIM_ForcedOC2Config                      0x080018af   Thumb Code    26  stm32f10x_tim.o(.text)
    TIM_ForcedOC3Config                      0x080018c9   Thumb Code    18  stm32f10x_tim.o(.text)
    TIM_ForcedOC4Config                      0x080018db   Thumb Code    26  stm32f10x_tim.o(.text)
    TIM_ARRPreloadConfig                     0x080018f5   Thumb Code    24  stm32f10x_tim.o(.text)
    TIM_SelectCOM                            0x0800190d   Thumb Code    24  stm32f10x_tim.o(.text)
    TIM_SelectCCDMA                          0x08001925   Thumb Code    24  stm32f10x_tim.o(.text)
    TIM_CCPreloadControl                     0x0800193d   Thumb Code    24  stm32f10x_tim.o(.text)
    TIM_OC1PreloadConfig                     0x08001955   Thumb Code    18  stm32f10x_tim.o(.text)
    TIM_OC2PreloadConfig                     0x08001967   Thumb Code    26  stm32f10x_tim.o(.text)
    TIM_OC3PreloadConfig                     0x08001981   Thumb Code    18  stm32f10x_tim.o(.text)
    TIM_OC4PreloadConfig                     0x08001993   Thumb Code    26  stm32f10x_tim.o(.text)
    TIM_OC1FastConfig                        0x080019ad   Thumb Code    18  stm32f10x_tim.o(.text)
    TIM_OC2FastConfig                        0x080019bf   Thumb Code    26  stm32f10x_tim.o(.text)
    TIM_OC3FastConfig                        0x080019d9   Thumb Code    18  stm32f10x_tim.o(.text)
    TIM_OC4FastConfig                        0x080019eb   Thumb Code    26  stm32f10x_tim.o(.text)
    TIM_ClearOC1Ref                          0x08001a05   Thumb Code    18  stm32f10x_tim.o(.text)
    TIM_ClearOC2Ref                          0x08001a17   Thumb Code    24  stm32f10x_tim.o(.text)
    TIM_ClearOC3Ref                          0x08001a2f   Thumb Code    18  stm32f10x_tim.o(.text)
    TIM_ClearOC4Ref                          0x08001a41   Thumb Code    24  stm32f10x_tim.o(.text)
    TIM_OC1PolarityConfig                    0x08001a59   Thumb Code    18  stm32f10x_tim.o(.text)
    TIM_OC1NPolarityConfig                   0x08001a6b   Thumb Code    18  stm32f10x_tim.o(.text)
    TIM_OC2PolarityConfig                    0x08001a7d   Thumb Code    26  stm32f10x_tim.o(.text)
    TIM_OC2NPolarityConfig                   0x08001a97   Thumb Code    26  stm32f10x_tim.o(.text)
    TIM_OC3PolarityConfig                    0x08001ab1   Thumb Code    26  stm32f10x_tim.o(.text)
    TIM_OC3NPolarityConfig                   0x08001acb   Thumb Code    26  stm32f10x_tim.o(.text)
    TIM_OC4PolarityConfig                    0x08001ae5   Thumb Code    26  stm32f10x_tim.o(.text)
    TIM_CCxCmd                               0x08001aff   Thumb Code    30  stm32f10x_tim.o(.text)
    TIM_CCxNCmd                              0x08001b1d   Thumb Code    30  stm32f10x_tim.o(.text)
    TIM_SelectOCxM                           0x08001b3b   Thumb Code    82  stm32f10x_tim.o(.text)
    TIM_UpdateDisableConfig                  0x08001b8d   Thumb Code    24  stm32f10x_tim.o(.text)
    TIM_UpdateRequestConfig                  0x08001ba5   Thumb Code    24  stm32f10x_tim.o(.text)
    TIM_SelectHallSensor                     0x08001bbd   Thumb Code    24  stm32f10x_tim.o(.text)
    TIM_SelectOnePulseMode                   0x08001bd5   Thumb Code    18  stm32f10x_tim.o(.text)
    TIM_SelectOutputTrigger                  0x08001be7   Thumb Code    18  stm32f10x_tim.o(.text)
    TIM_SelectSlaveMode                      0x08001bf9   Thumb Code    18  stm32f10x_tim.o(.text)
    TIM_SelectMasterSlaveMode                0x08001c0b   Thumb Code    18  stm32f10x_tim.o(.text)
    TIM_SetCounter                           0x08001c1d   Thumb Code     4  stm32f10x_tim.o(.text)
    TIM_SetAutoreload                        0x08001c21   Thumb Code     4  stm32f10x_tim.o(.text)
    TIM_SetCompare1                          0x08001c25   Thumb Code     4  stm32f10x_tim.o(.text)
    TIM_SetCompare2                          0x08001c29   Thumb Code     4  stm32f10x_tim.o(.text)
    TIM_SetCompare3                          0x08001c2d   Thumb Code     4  stm32f10x_tim.o(.text)
    TIM_SetCompare4                          0x08001c31   Thumb Code     6  stm32f10x_tim.o(.text)
    TIM_SetClockDivision                     0x08001c37   Thumb Code    18  stm32f10x_tim.o(.text)
    TIM_GetCapture1                          0x08001c49   Thumb Code     6  stm32f10x_tim.o(.text)
    TIM_GetCapture2                          0x08001c4f   Thumb Code     6  stm32f10x_tim.o(.text)
    TIM_GetCapture3                          0x08001c55   Thumb Code     6  stm32f10x_tim.o(.text)
    TIM_GetCapture4                          0x08001c5b   Thumb Code     8  stm32f10x_tim.o(.text)
    TIM_GetCounter                           0x08001c63   Thumb Code     6  stm32f10x_tim.o(.text)
    TIM_GetPrescaler                         0x08001c69   Thumb Code     6  stm32f10x_tim.o(.text)
    TIM_GetFlagStatus                        0x08001c6f   Thumb Code    18  stm32f10x_tim.o(.text)
    TIM_ClearFlag                            0x08001c81   Thumb Code     6  stm32f10x_tim.o(.text)
    TIM_GetITStatus                          0x08001c87   Thumb Code    34  stm32f10x_tim.o(.text)
    TIM_ClearITPendingBit                    0x08001ca9   Thumb Code     6  stm32f10x_tim.o(.text)
    USART_DeInit                             0x08001cb1   Thumb Code   134  stm32f10x_usart.o(.text)
    USART_Init                               0x08001d37   Thumb Code   210  stm32f10x_usart.o(.text)
    USART_StructInit                         0x08001e09   Thumb Code    24  stm32f10x_usart.o(.text)
    USART_ClockInit                          0x08001e21   Thumb Code    34  stm32f10x_usart.o(.text)
    USART_ClockStructInit                    0x08001e43   Thumb Code    12  stm32f10x_usart.o(.text)
    USART_Cmd                                0x08001e4f   Thumb Code    24  stm32f10x_usart.o(.text)
    USART_ITConfig                           0x08001e67   Thumb Code    74  stm32f10x_usart.o(.text)
    USART_DMACmd                             0x08001eb1   Thumb Code    18  stm32f10x_usart.o(.text)
    USART_SetAddress                         0x08001ec3   Thumb Code    18  stm32f10x_usart.o(.text)
    USART_WakeUpConfig                       0x08001ed5   Thumb Code    18  stm32f10x_usart.o(.text)
    USART_ReceiverWakeUpCmd                  0x08001ee7   Thumb Code    24  stm32f10x_usart.o(.text)
    USART_LINBreakDetectLengthConfig         0x08001eff   Thumb Code    18  stm32f10x_usart.o(.text)
    USART_LINCmd                             0x08001f11   Thumb Code    24  stm32f10x_usart.o(.text)
    USART_SendData                           0x08001f29   Thumb Code     8  stm32f10x_usart.o(.text)
    USART_ReceiveData                        0x08001f31   Thumb Code    10  stm32f10x_usart.o(.text)
    USART_SendBreak                          0x08001f3b   Thumb Code    10  stm32f10x_usart.o(.text)
    USART_SetGuardTime                       0x08001f45   Thumb Code    16  stm32f10x_usart.o(.text)
    USART_SetPrescaler                       0x08001f55   Thumb Code    16  stm32f10x_usart.o(.text)
    USART_SmartCardCmd                       0x08001f65   Thumb Code    24  stm32f10x_usart.o(.text)
    USART_SmartCardNACKCmd                   0x08001f7d   Thumb Code    24  stm32f10x_usart.o(.text)
    USART_HalfDuplexCmd                      0x08001f95   Thumb Code    24  stm32f10x_usart.o(.text)
    USART_OverSampling8Cmd                   0x08001fad   Thumb Code    22  stm32f10x_usart.o(.text)
    USART_OneBitMethodCmd                    0x08001fc3   Thumb Code    24  stm32f10x_usart.o(.text)
    USART_IrDAConfig                         0x08001fdb   Thumb Code    18  stm32f10x_usart.o(.text)
    USART_IrDACmd                            0x08001fed   Thumb Code    24  stm32f10x_usart.o(.text)
    USART_GetFlagStatus                      0x08002005   Thumb Code    26  stm32f10x_usart.o(.text)
    USART_ClearFlag                          0x0800201f   Thumb Code    18  stm32f10x_usart.o(.text)
    USART_GetITStatus                        0x08002031   Thumb Code    84  stm32f10x_usart.o(.text)
    USART_ClearITPendingBit                  0x08002085   Thumb Code    52  stm32f10x_usart.o(.text)
    main                                     0x080020b9   Thumb Code  2038  main.o(.text)
    NMI_Handler                              0x080028e1   Thumb Code     2  stm32f10x_it.o(.text)
    HardFault_Handler                        0x080028e3   Thumb Code     4  stm32f10x_it.o(.text)
    MemManage_Handler                        0x080028e7   Thumb Code     4  stm32f10x_it.o(.text)
    BusFault_Handler                         0x080028eb   Thumb Code     4  stm32f10x_it.o(.text)
    UsageFault_Handler                       0x080028ef   Thumb Code     4  stm32f10x_it.o(.text)
    SVC_Handler                              0x080028f3   Thumb Code     2  stm32f10x_it.o(.text)
    DebugMon_Handler                         0x080028f5   Thumb Code     2  stm32f10x_it.o(.text)
    PendSV_Handler                           0x080028f7   Thumb Code     2  stm32f10x_it.o(.text)
    SysTick_Handler                          0x080028f9   Thumb Code     2  stm32f10x_it.o(.text)
    USART2_IRQHandler                        0x080028fb   Thumb Code    70  stm32f10x_it.o(.text)
    TIM2_IRQHandler                          0x08002941   Thumb Code   220  stm32f10x_it.o(.text)
    delay_us                                 0x08002a51   Thumb Code    62  delay.o(.text)
    delay_ms                                 0x08002a8f   Thumb Code    64  delay.o(.text)
    mget_ms                                  0x08002acf   Thumb Code     2  delay.o(.text)
    init_mpu                                 0x08002b4f   Thumb Code   270  mpu9250.o(.text)
    acc_filter                               0x08002c5d   Thumb Code   198  mpu9250.o(.text)
    get_accel_bias                           0x08002d23   Thumb Code  2822  mpu9250.o(.text)
    get_accel                                0x08003829   Thumb Code  2582  mpu9250.o(.text)
    mpu_reg_dump                             0x0800431b   Thumb Code    72  inv_mpu.o(.text)
    mpu_read_reg                             0x08004363   Thumb Code    66  inv_mpu.o(.text)
    mpu_set_int_latched                      0x080043a5   Thumb Code   102  inv_mpu.o(.text)
    mpu_set_sensors                          0x0800440b   Thumb Code   202  inv_mpu.o(.text)
    mpu_set_bypass                           0x080044d5   Thumb Code   328  inv_mpu.o(.text)
    mpu_reset_fifo                           0x0800461d   Thumb Code   456  inv_mpu.o(.text)
    mpu_configure_fifo                       0x080047e5   Thumb Code   106  inv_mpu.o(.text)
    mpu_set_lpf                              0x0800484f   Thumb Code   126  inv_mpu.o(.text)
    mpu_lp_accel_mode                        0x080048cd   Thumb Code   218  inv_mpu.o(.text)
    mpu_set_sample_rate                      0x080049a7   Thumb Code   152  inv_mpu.o(.text)
    mpu_set_accel_fsr                        0x08004a3f   Thumb Code   132  inv_mpu.o(.text)
    mpu_set_gyro_fsr                         0x08004ac3   Thumb Code   132  inv_mpu.o(.text)
    mpu_init                                 0x08004b47   Thumb Code   414  inv_mpu.o(.text)
    mpu_get_gyro_reg                         0x08004ce5   Thumb Code   110  inv_mpu.o(.text)
    mpu_get_accel_reg                        0x08004d53   Thumb Code   110  inv_mpu.o(.text)
    mpu_get_temperature                      0x08004dc1   Thumb Code   150  inv_mpu.o(.text)
    mpu_set_accel_bias                       0x08004e57   Thumb Code   468  inv_mpu.o(.text)
    mpu_get_gyro_fsr                         0x0800502b   Thumb Code    64  inv_mpu.o(.text)
    mpu_get_accel_fsr                        0x0800506b   Thumb Code    72  inv_mpu.o(.text)
    mpu_get_lpf                              0x080050b3   Thumb Code    74  inv_mpu.o(.text)
    mpu_get_sample_rate                      0x080050fd   Thumb Code    26  inv_mpu.o(.text)
    mpu_get_compass_sample_rate              0x08005117   Thumb Code    10  inv_mpu.o(.text)
    mpu_set_compass_sample_rate              0x08005121   Thumb Code     8  inv_mpu.o(.text)
    mpu_get_gyro_sens                        0x08005129   Thumb Code    58  inv_mpu.o(.text)
    mpu_get_accel_sens                       0x08005163   Thumb Code    78  inv_mpu.o(.text)
    mpu_get_fifo_config                      0x080051b1   Thumb Code    12  inv_mpu.o(.text)
    mpu_get_power_state                      0x080051bd   Thumb Code    22  inv_mpu.o(.text)
    mpu_get_int_status                       0x080051d3   Thumb Code    64  inv_mpu.o(.text)
    mpu_read_fifo                            0x08005213   Thumb Code   520  inv_mpu.o(.text)
    mpu_read_fifo_stream                     0x0800541b   Thumb Code   186  inv_mpu.o(.text)
    mpu_set_int_level                        0x080054d5   Thumb Code    12  inv_mpu.o(.text)
    mpu_set_dmp_state                        0x08005bb5   Thumb Code   138  inv_mpu.o(.text)
    mpu_run_self_test                        0x08005c3f   Thumb Code   278  inv_mpu.o(.text)
    mpu_write_mem                            0x08005d55   Thumb Code   122  inv_mpu.o(.text)
    mpu_read_mem                             0x08005dcf   Thumb Code   122  inv_mpu.o(.text)
    mpu_load_firmware                        0x08005e49   Thumb Code   190  inv_mpu.o(.text)
    mpu_get_dmp_state                        0x08005f07   Thumb Code    14  inv_mpu.o(.text)
    mpu_get_compass_reg                      0x08005f1b   Thumb Code     8  inv_mpu.o(.text)
    mpu_get_compass_fsr                      0x08005f23   Thumb Code     8  inv_mpu.o(.text)
    mpu_lp_motion_interrupt                  0x08005f2b   Thumb Code   512  inv_mpu.o(.text)
    StepFreq_Config                          0x08006159   Thumb Code   136  bsp_led.o(.text)
    buzzer_init                              0x080061e1   Thumb Code    56  bsp_led.o(.text)
    ZigbeeGpioInit                           0x08006219   Thumb Code    62  bsp_led.o(.text)
    Shake_GPIO_Config                        0x08006257   Thumb Code    34  bsp_led.o(.text)
    isShake                                  0x08006279   Thumb Code    14  bsp_led.o(.text)
    dmp_load_motion_driver_firmware          0x08006295   Thumb Code    22  inv_mpu_dmp_motion_driver.o(.text)
    dmp_set_orientation                      0x080062ab   Thumb Code   290  inv_mpu_dmp_motion_driver.o(.text)
    dmp_set_gyro_bias                        0x080063cd   Thumb Code   294  inv_mpu_dmp_motion_driver.o(.text)
    dmp_set_accel_bias                       0x080064f3   Thumb Code   300  inv_mpu_dmp_motion_driver.o(.text)
    dmp_set_fifo_rate                        0x0800661f   Thumb Code   142  inv_mpu_dmp_motion_driver.o(.text)
    dmp_get_fifo_rate                        0x080066ad   Thumb Code    12  inv_mpu_dmp_motion_driver.o(.text)
    dmp_set_tap_thresh                       0x080066b9   Thumb Code   396  inv_mpu_dmp_motion_driver.o(.text)
    dmp_set_tap_axes                         0x08006845   Thumb Code    70  inv_mpu_dmp_motion_driver.o(.text)
    dmp_set_tap_count                        0x0800688b   Thumb Code    38  inv_mpu_dmp_motion_driver.o(.text)
    dmp_set_tap_time                         0x080068b1   Thumb Code    32  inv_mpu_dmp_motion_driver.o(.text)
    dmp_set_tap_time_multi                   0x080068d1   Thumb Code    32  inv_mpu_dmp_motion_driver.o(.text)
    dmp_set_shake_reject_thresh              0x080068f1   Thumb Code    56  inv_mpu_dmp_motion_driver.o(.text)
    dmp_set_shake_reject_time                0x08006929   Thumb Code    32  inv_mpu_dmp_motion_driver.o(.text)
    dmp_set_shake_reject_timeout             0x08006949   Thumb Code    32  inv_mpu_dmp_motion_driver.o(.text)
    dmp_get_pedometer_step_count             0x08006969   Thumb Code    66  inv_mpu_dmp_motion_driver.o(.text)
    dmp_set_pedometer_step_count             0x080069ab   Thumb Code    42  inv_mpu_dmp_motion_driver.o(.text)
    dmp_get_pedometer_walk_time              0x080069d5   Thumb Code    72  inv_mpu_dmp_motion_driver.o(.text)
    dmp_set_pedometer_walk_time              0x08006a1d   Thumb Code    48  inv_mpu_dmp_motion_driver.o(.text)
    dmp_enable_6x_lp_quat                    0x08006a4d   Thumb Code    84  inv_mpu_dmp_motion_driver.o(.text)
    dmp_enable_lp_quat                       0x08006aa1   Thumb Code    60  inv_mpu_dmp_motion_driver.o(.text)
    dmp_enable_gyro_cal                      0x08006add   Thumb Code    62  inv_mpu_dmp_motion_driver.o(.text)
    dmp_enable_feature                       0x08006b1b   Thumb Code   530  inv_mpu_dmp_motion_driver.o(.text)
    dmp_get_enabled_features                 0x08006d2d   Thumb Code    12  inv_mpu_dmp_motion_driver.o(.text)
    dmp_set_interrupt_mode                   0x08006d97   Thumb Code    66  inv_mpu_dmp_motion_driver.o(.text)
    dmp_read_fifo                            0x08006dd9   Thumb Code   514  inv_mpu_dmp_motion_driver.o(.text)
    dmp_register_tap_cb                      0x08006fdb   Thumb Code    10  inv_mpu_dmp_motion_driver.o(.text)
    dmp_register_android_orient_cb           0x08006fe5   Thumb Code    10  inv_mpu_dmp_motion_driver.o(.text)
    TIM2_NVIC_Configuration                  0x08006ff5   Thumb Code    42  time.o(.text)
    TIM2_Configuration                       0x0800701f   Thumb Code    82  time.o(.text)
    TIM3_Int_Init                            0x08007071   Thumb Code    98  time.o(.text)
    USART1_DMA_Config                        0x080070d9   Thumb Code    74  usart.o(.text)
    NVIC_Configuration                       0x08007123   Thumb Code    40  usart.o(.text)
    NVIC_Configuration_2                     0x0800714b   Thumb Code    40  usart.o(.text)
    USARTx_Config                            0x08007173   Thumb Code   142  usart.o(.text)
    USART2_Config                            0x08007201   Thumb Code   140  usart.o(.text)
    fputc                                    0x0800728d   Thumb Code    36  usart.o(.text)
    fgetc                                    0x080072b1   Thumb Code    30  usart.o(.text)
    Usart_SendByte                           0x080072cf   Thumb Code    30  usart.o(.text)
    Usart_SendStr                            0x080072ed   Thumb Code    28  usart.o(.text)
    Usart_SendStr_length                     0x08007309   Thumb Code    32  usart.o(.text)
    reSendSpeed                              0x08007329   Thumb Code    36  usart.o(.text)
    SendWarning                              0x0800734d   Thumb Code    56  usart.o(.text)
    reSendFreq                               0x08007385   Thumb Code    36  usart.o(.text)
    I2C_Config                               0x080073c1   Thumb Code    36  i2c.o(.text)
    i2cWriteBuffer                           0x080075dd   Thumb Code   100  i2c.o(.text)
    i2cwrite                                 0x08007641   Thumb Code    38  i2c.o(.text)
    i2cRead                                  0x08007667   Thumb Code   120  i2c.o(.text)
    i2cread                                  0x080076df   Thumb Code    38  i2c.o(.text)
    i2cWrite                                 0x08007705   Thumb Code    72  i2c.o(.text)
    i2cGetErrorCounter                       0x0800774d   Thumb Code     4  i2c.o(.text)
    IIC_Init                                 0x08007755   Thumb Code    46  myiic.o(.text)
    IIC_Start                                0x08007783   Thumb Code    64  myiic.o(.text)
    IIC_Stop                                 0x080077c3   Thumb Code    66  myiic.o(.text)
    IIC_Wait_Ack                             0x08007805   Thumb Code    86  myiic.o(.text)
    IIC_Ack                                  0x0800785b   Thumb Code    70  myiic.o(.text)
    IIC_NAck                                 0x080078a1   Thumb Code    70  myiic.o(.text)
    IIC_Send_Byte                            0x080078e7   Thumb Code   104  myiic.o(.text)
    IIC_Read_Byte                            0x0800794f   Thumb Code   100  myiic.o(.text)
    VL53L0X_Write_Byte                       0x080079c1   Thumb Code    68  vl53l0x.o(.text)
    VL53L0X_Read_Byte                        0x08007a05   Thumb Code    58  vl53l0x.o(.text)
    VL53L0X_Read_Len                         0x08007a3f   Thumb Code   104  vl53l0x.o(.text)
    makeuint16                               0x08007aa7   Thumb Code    12  vl53l0x.o(.text)
    vl530l0_iic_init                         0x08007ab3   Thumb Code     8  vl53l0x.o(.text)
    vl530l0_get_distance                     0x08007abb   Thumb Code    64  vl53l0x.o(.text)
    LOCK_Init                                0x08007b01   Thumb Code   156  lock.o(.text)
    lockLineA_H                              0x08007b9d   Thumb Code    22  lock.o(.text)
    lockLineA_L                              0x08007bb3   Thumb Code    22  lock.o(.text)
    lockLineB_H                              0x08007bc9   Thumb Code    22  lock.o(.text)
    lockLineB_L                              0x08007bdf   Thumb Code    22  lock.o(.text)
    Lock                                     0x08007bf5   Thumb Code    58  lock.o(.text)
    UnLock                                   0x08007c2f   Thumb Code    26  lock.o(.text)
    __aeabi_ldivmod                          0x08007c55   Thumb Code    98  ldiv.o(.text)
    __aeabi_memset                           0x08007cb7   Thumb Code    14  memseta.o(.text)
    __aeabi_memset4                          0x08007cb7   Thumb Code     0  memseta.o(.text)
    __aeabi_memset8                          0x08007cb7   Thumb Code     0  memseta.o(.text)
    __aeabi_memclr                           0x08007cc5   Thumb Code     4  memseta.o(.text)
    __aeabi_memclr4                          0x08007cc5   Thumb Code     0  memseta.o(.text)
    __aeabi_memclr8                          0x08007cc5   Thumb Code     0  memseta.o(.text)
    _memset$wrapper                          0x08007cc9   Thumb Code    18  memseta.o(.text)
    memcmp                                   0x08007cdb   Thumb Code    26  memcmp.o(.text)
    __aeabi_fadd                             0x08007cf5   Thumb Code   164  fadd.o(.text)
    __aeabi_fsub                             0x08007d99   Thumb Code     6  fadd.o(.text)
    __aeabi_frsub                            0x08007d9f   Thumb Code     6  fadd.o(.text)
    __aeabi_fmul                             0x08007da5   Thumb Code   100  fmul.o(.text)
    __aeabi_fdiv                             0x08007e09   Thumb Code   124  fdiv.o(.text)
    __aeabi_dadd                             0x08007e85   Thumb Code   322  dadd.o(.text)
    __aeabi_dsub                             0x08007fc7   Thumb Code     6  dadd.o(.text)
    __aeabi_drsub                            0x08007fcd   Thumb Code     6  dadd.o(.text)
    __aeabi_dmul                             0x08007fd3   Thumb Code   228  dmul.o(.text)
    __aeabi_ddiv                             0x080080b7   Thumb Code   222  ddiv.o(.text)
    __aeabi_i2f                              0x08008195   Thumb Code    18  fflti.o(.text)
    __aeabi_ui2f                             0x080081a7   Thumb Code    10  ffltui.o(.text)
    __aeabi_f2iz                             0x080081b1   Thumb Code    50  ffixi.o(.text)
    __aeabi_f2uiz                            0x080081e3   Thumb Code    40  ffixui.o(.text)
    __aeabi_d2iz                             0x0800820b   Thumb Code    62  dfixi.o(.text)
    __aeabi_f2d                              0x08008249   Thumb Code    38  f2d.o(.text)
    __aeabi_cdcmpeq                          0x08008271   Thumb Code     0  cdcmple.o(.text)
    __aeabi_cdcmple                          0x08008271   Thumb Code    48  cdcmple.o(.text)
    __aeabi_cdrcmple                         0x080082a1   Thumb Code    48  cdrcmple.o(.text)
    __aeabi_d2f                              0x080082d1   Thumb Code    56  d2f.o(.text)
    __aeabi_cfcmpeq                          0x08008309   Thumb Code     0  cfcmple.o(.text)
    __aeabi_cfcmple                          0x08008309   Thumb Code    20  cfcmple.o(.text)
    __aeabi_cfrcmple                         0x0800831d   Thumb Code    20  cfrcmple.o(.text)
    __aeabi_uidiv                            0x08008331   Thumb Code     0  uidiv.o(.text)
    __aeabi_uidivmod                         0x08008331   Thumb Code    44  uidiv.o(.text)
    __aeabi_uldivmod                         0x0800835d   Thumb Code    98  uldiv.o(.text)
    __aeabi_llsl                             0x080083bf   Thumb Code    30  llshl.o(.text)
    _ll_shift_l                              0x080083bf   Thumb Code     0  llshl.o(.text)
    __aeabi_llsr                             0x080083dd   Thumb Code    32  llushr.o(.text)
    _ll_ushift_r                             0x080083dd   Thumb Code     0  llushr.o(.text)
    __aeabi_lasr                             0x080083fd   Thumb Code    36  llsshr.o(.text)
    _ll_sshift_r                             0x080083fd   Thumb Code     0  llsshr.o(.text)
    __I$use$fp                               0x08008421   Thumb Code     0  iusefp.o(.text)
    _float_round                             0x08008421   Thumb Code    18  fepilogue.o(.text)
    _float_epilogue                          0x08008433   Thumb Code    92  fepilogue.o(.text)
    _double_round                            0x0800848f   Thumb Code    30  depilogue.o(.text)
    _double_epilogue                         0x080084ad   Thumb Code   156  depilogue.o(.text)
    __ARM_scalbn                             0x08008549   Thumb Code    46  dscalb.o(.text)
    scalbn                                   0x08008549   Thumb Code     0  dscalb.o(.text)
    _dsqrt                                   0x08008577   Thumb Code   162  dsqrt.o(.text)
    __aeabi_d2ulz                            0x08008619   Thumb Code    48  dfixul.o(.text)
    __scatterload                            0x08008649   Thumb Code    28  init.o(.text)
    __scatterload_rt2                        0x08008649   Thumb Code     0  init.o(.text)
    __0printf                                0x0800866d   Thumb Code    22  printfa.o(i.__0printf)
    __1printf                                0x0800866d   Thumb Code     0  printfa.o(i.__0printf)
    __2printf                                0x0800866d   Thumb Code     0  printfa.o(i.__0printf)
    __c89printf                              0x0800866d   Thumb Code     0  printfa.o(i.__0printf)
    printf                                   0x0800866d   Thumb Code     0  printfa.o(i.__0printf)
    __ARM_fpclassify                         0x0800868d   Thumb Code    40  fpclassify.o(i.__ARM_fpclassify)
    __kernel_poly                            0x080086b5   Thumb Code   170  poly.o(i.__kernel_poly)
    __mathlib_dbl_infnan                     0x0800875f   Thumb Code     6  dunder.o(i.__mathlib_dbl_infnan)
    __mathlib_dbl_infnan2                    0x08008765   Thumb Code     4  dunder.o(i.__mathlib_dbl_infnan2)
    __mathlib_dbl_invalid                    0x08008769   Thumb Code    12  dunder.o(i.__mathlib_dbl_invalid)
    __mathlib_dbl_underflow                  0x08008775   Thumb Code    10  dunder.o(i.__mathlib_dbl_underflow)
    __scatterload_copy                       0x08008785   Thumb Code    14  handlers.o(i.__scatterload_copy)
    __scatterload_null                       0x08008793   Thumb Code     2  handlers.o(i.__scatterload_null)
    __scatterload_zeroinit                   0x08008795   Thumb Code    14  handlers.o(i.__scatterload_zeroinit)
    __set_errno                              0x080087a5   Thumb Code     6  errno.o(i.__set_errno)
    asin                                     0x08009045   Thumb Code   572  asin.o(i.asin)
    atan                                     0x080092b5   Thumb Code   474  atan.o(i.atan)
    atan2                                    0x080094d5   Thumb Code   346  atan2.o(i.atan2)
    sqrt                                     0x08009655   Thumb Code    76  sqrt.o(i.sqrt)
    hw                                       0x080096a0   Data          12  inv_mpu.o(.constdata)
    reg                                      0x080096ac   Data          27  inv_mpu.o(.constdata)
    test                                     0x080096c8   Data          40  inv_mpu.o(.constdata)
    __mathlib_zero                           0x0800a3d0   Data           8  qnan.o(.constdata)
    Region$$Table$$Base                      0x0800a428   Number         0  anon$$obj.o(Region$$Table)
    Region$$Table$$Limit                     0x0800a448   Number         0  anon$$obj.o(Region$$Table)
    SystemCoreClock                          0x20000000   Data           4  system_stm32f10x.o(.data)
    AHBPrescTable                            0x20000004   Data          16  system_stm32f10x.o(.data)
    stopwatchTime                            0x20000034   Data           4  main.o(.data)
    mBICYCLE                                 0x20000038   Data           2  main.o(.data)
    Sec_Count                                0x2000003a   Data           1  main.o(.data)
    uSec_Count                               0x2000003c   Data           2  main.o(.data)
    u_Count_Lift                             0x2000003e   Data           2  main.o(.data)
    s_Count_Lift                             0x20000040   Data           1  main.o(.data)
    u_Count_Shake                            0x20000042   Data           2  main.o(.data)
    s_Count_Shake                            0x20000044   Data           1  main.o(.data)
    new_stand                                0x20000045   Data           1  main.o(.data)
    new_fall                                 0x20000046   Data           1  main.o(.data)
    new_lift                                 0x20000047   Data           1  main.o(.data)
    new_shake                                0x20000048   Data           1  main.o(.data)
    alarm                                    0x20000049   Data           1  main.o(.data)
    speed_send                               0x2000004a   Data           1  main.o(.data)
    Time_Stamp                               0x20000065   Data           1  mpu9250.o(.data)
    Accel_XOffset                            0x20000068   Data           4  mpu9250.o(.data)
    Accel_YOffset                            0x2000006c   Data           4  mpu9250.o(.data)
    Accel_ZOffset                            0x20000070   Data           4  mpu9250.o(.data)
    Accel_ZErr                               0x20000074   Data           4  mpu9250.o(.data)
    Pitch                                    0x20000078   Data           4  mpu9250.o(.data)
    Roll                                     0x2000007c   Data           4  mpu9250.o(.data)
    accel_x                                  0x20000080   Data           4  mpu9250.o(.data)
    accel_y                                  0x20000084   Data           4  mpu9250.o(.data)
    accel_z                                  0x20000088   Data           4  mpu9250.o(.data)
    acc_data_index                           0x2000008c   Data           2  mpu9250.o(.data)
    SendSpeed                                0x200000e0   Data           9  usart.o(.data)
    SendFreq                                 0x200000e9   Data           8  usart.o(.data)
    SendAlarm                                0x200000f1   Data           9  usart.o(.data)
    mode_select                              0x200000fa   Data           1  lock.o(.data)
    __stdout                                 0x200000fc   Data           4  stdout.o(.data)
    acc_xyz_data                             0x20000104   Data          96  mpu9250.o(.bss)
    __initial_sp                             0x20000578   Data           0  startup_stm32f10x_hd.o(STACK)



==============================================================================

Memory Map of the image

  Image Entry point : 0x08000131

  Load Region LR_IROM1 (Base: 0x08000000, Size: 0x0000a54c, Max: 0x00010000, ABSOLUTE)

    Execution Region ER_IROM1 (Base: 0x08000000, Size: 0x0000a448, Max: 0x00010000, ABSOLUTE)

    Base Addr    Size         Type   Attr      Idx    E Section Name        Object

    0x08000000   0x00000130   Data   RO            3    RESET               startup_stm32f10x_hd.o
    0x08000130   0x00000000   Code   RO          719  * .ARM.Collect$$$$00000000  mc_w.l(entry.o)
    0x08000130   0x00000004   Code   RO         1052    .ARM.Collect$$$$00000001  mc_w.l(entry2.o)
    0x08000134   0x00000004   Code   RO         1055    .ARM.Collect$$$$00000004  mc_w.l(entry5.o)
    0x08000138   0x00000000   Code   RO         1057    .ARM.Collect$$$$00000008  mc_w.l(entry7b.o)
    0x08000138   0x00000000   Code   RO         1059    .ARM.Collect$$$$0000000A  mc_w.l(entry8b.o)
    0x08000138   0x00000008   Code   RO         1060    .ARM.Collect$$$$0000000B  mc_w.l(entry9a.o)
    0x08000140   0x00000000   Code   RO         1062    .ARM.Collect$$$$0000000D  mc_w.l(entry10a.o)
    0x08000140   0x00000000   Code   RO         1064    .ARM.Collect$$$$0000000F  mc_w.l(entry11a.o)
    0x08000140   0x00000004   Code   RO         1053    .ARM.Collect$$$$00002712  mc_w.l(entry2.o)
    0x08000144   0x00000024   Code   RO            4    .text               startup_stm32f10x_hd.o
    0x08000168   0x000001e0   Code   RO           24    .text               system_stm32f10x.o
    0x08000348   0x000000dc   Code   RO          121    .text               misc.o
    0x08000424   0x00000254   Code   RO          221    .text               stm32f10x_dma.o
    0x08000678   0x0000011c   Code   RO          233    .text               stm32f10x_exti.o
    0x08000794   0x0000035c   Code   RO          269    .text               stm32f10x_gpio.o
    0x08000af0   0x000003a4   Code   RO          317    .text               stm32f10x_rcc.o
    0x08000e94   0x00000e1a   Code   RO          367    .text               stm32f10x_tim.o
    0x08001cae   0x00000002   PAD
    0x08001cb0   0x00000408   Code   RO          379    .text               stm32f10x_usart.o
    0x080020b8   0x00000828   Code   RO          403    .text               main.o
    0x080028e0   0x00000170   Code   RO          459    .text               stm32f10x_it.o
    0x08002a50   0x00000088   Code   RO          475    .text               delay.o
    0x08002ad8   0x000017b8   Code   RO          487    .text               mpu9250.o
    0x08004290   0x00001ea0   Code   RO          513    .text               inv_mpu.o
    0x08006130   0x00000164   Code   RO          546    .text               bsp_led.o
    0x08006294   0x00000d60   Code   RO          558    .text               inv_mpu_dmp_motion_driver.o
    0x08006ff4   0x000000e4   Code   RO          579    .text               time.o
    0x080070d8   0x000002e8   Code   RO          591    .text               usart.o
    0x080073c0   0x00000394   Code   RO          622    .text               i2c.o
    0x08007754   0x0000026c   Code   RO          637    .text               myiic.o
    0x080079c0   0x00000140   Code   RO          649    .text               vl53l0x.o
    0x08007b00   0x00000154   Code   RO          678    .text               lock.o
    0x08007c54   0x00000062   Code   RO          722    .text               mc_w.l(ldiv.o)
    0x08007cb6   0x00000024   Code   RO          724    .text               mc_w.l(memseta.o)
    0x08007cda   0x0000001a   Code   RO          726    .text               mc_w.l(memcmp.o)
    0x08007cf4   0x000000b0   Code   RO          989    .text               mf_w.l(fadd.o)
    0x08007da4   0x00000064   Code   RO          991    .text               mf_w.l(fmul.o)
    0x08007e08   0x0000007c   Code   RO          993    .text               mf_w.l(fdiv.o)
    0x08007e84   0x0000014e   Code   RO          995    .text               mf_w.l(dadd.o)
    0x08007fd2   0x000000e4   Code   RO          997    .text               mf_w.l(dmul.o)
    0x080080b6   0x000000de   Code   RO          999    .text               mf_w.l(ddiv.o)
    0x08008194   0x00000012   Code   RO         1001    .text               mf_w.l(fflti.o)
    0x080081a6   0x0000000a   Code   RO         1003    .text               mf_w.l(ffltui.o)
    0x080081b0   0x00000032   Code   RO         1005    .text               mf_w.l(ffixi.o)
    0x080081e2   0x00000028   Code   RO         1007    .text               mf_w.l(ffixui.o)
    0x0800820a   0x0000003e   Code   RO         1009    .text               mf_w.l(dfixi.o)
    0x08008248   0x00000026   Code   RO         1011    .text               mf_w.l(f2d.o)
    0x0800826e   0x00000002   PAD
    0x08008270   0x00000030   Code   RO         1013    .text               mf_w.l(cdcmple.o)
    0x080082a0   0x00000030   Code   RO         1015    .text               mf_w.l(cdrcmple.o)
    0x080082d0   0x00000038   Code   RO         1017    .text               mf_w.l(d2f.o)
    0x08008308   0x00000014   Code   RO         1019    .text               mf_w.l(cfcmple.o)
    0x0800831c   0x00000014   Code   RO         1021    .text               mf_w.l(cfrcmple.o)
    0x08008330   0x0000002c   Code   RO         1067    .text               mc_w.l(uidiv.o)
    0x0800835c   0x00000062   Code   RO         1069    .text               mc_w.l(uldiv.o)
    0x080083be   0x0000001e   Code   RO         1071    .text               mc_w.l(llshl.o)
    0x080083dc   0x00000020   Code   RO         1073    .text               mc_w.l(llushr.o)
    0x080083fc   0x00000024   Code   RO         1075    .text               mc_w.l(llsshr.o)
    0x08008420   0x00000000   Code   RO         1084    .text               mc_w.l(iusefp.o)
    0x08008420   0x0000006e   Code   RO         1085    .text               mf_w.l(fepilogue.o)
    0x0800848e   0x000000ba   Code   RO         1087    .text               mf_w.l(depilogue.o)
    0x08008548   0x0000002e   Code   RO         1089    .text               mf_w.l(dscalb.o)
    0x08008576   0x000000a2   Code   RO         1091    .text               mf_w.l(dsqrt.o)
    0x08008618   0x00000030   Code   RO         1093    .text               mf_w.l(dfixul.o)
    0x08008648   0x00000024   Code   RO         1095    .text               mc_w.l(init.o)
    0x0800866c   0x00000020   Code   RO          961    i.__0printf         mc_w.l(printfa.o)
    0x0800868c   0x00000028   Code   RO         1047    i.__ARM_fpclassify  m_ws.l(fpclassify.o)
    0x080086b4   0x000000aa   Code   RO         1049    i.__kernel_poly     m_ws.l(poly.o)
    0x0800875e   0x00000006   Code   RO         1034    i.__mathlib_dbl_infnan  m_ws.l(dunder.o)
    0x08008764   0x00000004   Code   RO         1035    i.__mathlib_dbl_infnan2  m_ws.l(dunder.o)
    0x08008768   0x0000000c   Code   RO         1036    i.__mathlib_dbl_invalid  m_ws.l(dunder.o)
    0x08008774   0x00000010   Code   RO         1039    i.__mathlib_dbl_underflow  m_ws.l(dunder.o)
    0x08008784   0x0000000e   Code   RO         1099    i.__scatterload_copy  mc_w.l(handlers.o)
    0x08008792   0x00000002   Code   RO         1100    i.__scatterload_null  mc_w.l(handlers.o)
    0x08008794   0x0000000e   Code   RO         1101    i.__scatterload_zeroinit  mc_w.l(handlers.o)
    0x080087a2   0x00000002   PAD
    0x080087a4   0x0000000c   Code   RO         1079    i.__set_errno       mc_w.l(errno.o)
    0x080087b0   0x00000164   Code   RO          968    i._fp_digits        mc_w.l(printfa.o)
    0x08008914   0x000006dc   Code   RO          969    i._printf_core      mc_w.l(printfa.o)
    0x08008ff0   0x00000024   Code   RO          970    i._printf_post_padding  mc_w.l(printfa.o)
    0x08009014   0x0000002e   Code   RO          971    i._printf_pre_padding  mc_w.l(printfa.o)
    0x08009042   0x00000002   PAD
    0x08009044   0x00000270   Code   RO          694    i.asin              m_ws.l(asin.o)
    0x080092b4   0x00000220   Code   RO         1024    i.atan              m_ws.l(atan.o)
    0x080094d4   0x00000180   Code   RO          704    i.atan2             m_ws.l(atan2.o)
    0x08009654   0x0000004c   Code   RO          712    i.sqrt              m_ws.l(sqrt.o)
    0x080096a0   0x00000050   Data   RO          514    .constdata          inv_mpu.o
    0x080096f0   0x00000bf6   Data   RO          560    .constdata          inv_mpu_dmp_motion_driver.o
    0x0800a2e6   0x00000002   PAD
    0x0800a2e8   0x00000050   Data   RO          695    .constdata          m_ws.l(asin.o)
    0x0800a338   0x00000098   Data   RO         1025    .constdata          m_ws.l(atan.o)
    0x0800a3d0   0x00000008   Data   RO         1051    .constdata          m_ws.l(qnan.o)
    0x0800a3d8   0x0000004d   Data   RO          515    .conststring        inv_mpu.o
    0x0800a425   0x00000003   PAD
    0x0800a428   0x00000020   Data   RO         1097    Region$$Table       anon$$obj.o


    Execution Region RW_IRAM1 (Base: 0x20000000, Size: 0x00000578, Max: 0x00005000, ABSOLUTE)

    Base Addr    Size         Type   Attr      Idx    E Section Name        Object

    0x20000000   0x00000014   Data   RW           25    .data               system_stm32f10x.o
    0x20000014   0x00000014   Data   RW          318    .data               stm32f10x_rcc.o
    0x20000028   0x00000032   Data   RW          404    .data               main.o
    0x2000005a   0x00000002   PAD
    0x2000005c   0x00000058   Data   RW          489    .data               mpu9250.o
    0x200000b4   0x0000002c   Data   RW          516    .data               inv_mpu.o
    0x200000e0   0x0000001a   Data   RW          592    .data               usart.o
    0x200000fa   0x00000001   Data   RW          679    .data               lock.o
    0x200000fb   0x00000001   PAD
    0x200000fc   0x00000004   Data   RW         1066    .data               mc_w.l(stdout.o)
    0x20000100   0x00000004   Data   RW         1080    .data               mc_w.l(errno.o)
    0x20000104   0x00000060   Zero   RW          488    .bss                mpu9250.o
    0x20000164   0x00000010   Zero   RW          559    .bss                inv_mpu_dmp_motion_driver.o
    0x20000174   0x00000004   PAD
    0x20000178   0x00000400   Zero   RW            1    STACK               startup_stm32f10x_hd.o


==============================================================================

Image component sizes


      Code (inc. data)   RO Data    RW Data    ZI Data      Debug   Object Name

       356         14          0          0          0       1415   bsp_led.o
         0          0          0          0          0       4512   core_cm3.o
       136          8          0          0          0        896   delay.o
       916          4          0          0          0       4265   i2c.o
      7840        174        157         44          0      21182   inv_mpu.o
      3424        128       3062          0         16      15275   inv_mpu_dmp_motion_driver.o
       340         12          0          1          0       1586   lock.o
      2088        192          0         50          0       6814   main.o
       220         22          0          0          0       1893   misc.o
      6072       1026          0         88         96       5388   mpu9250.o
       620         14          0          0          0       1928   myiic.o
        36          8        304          0       1024        900   startup_stm32f10x_hd.o
       596          8          0          0          0       4418   stm32f10x_dma.o
       284         10          0          0          0       2323   stm32f10x_exti.o
       860         38          0          0          0       5733   stm32f10x_gpio.o
       368         52          0          0          0       1788   stm32f10x_it.o
       932         36          0         20          0       8940   stm32f10x_rcc.o
      3610         88          0          0          0      22220   stm32f10x_tim.o
      1032         22          0          0          0       8460   stm32f10x_usart.o
       480         38          0         20          0     261339   system_stm32f10x.o
       228          6          0          0          0       1059   time.o
       744         24          0         26          0       3832   usart.o
       320          6          0          0          0       2381   vl53l0x.o

    ----------------------------------------------------------------------
     31504       1930       3560        252       1140     388547   Object Totals
         0          0         32          0          0          0   (incl. Generated)
         2          0          5          3          4          0   (incl. Padding)

    ----------------------------------------------------------------------

      Code (inc. data)   RO Data    RW Data    ZI Data      Debug   Library Member Name

       624         52         80          0          0        168   asin.o
       544         70        152          0          0        124   atan.o
       384         38          0          0          0        144   atan2.o
        38          6          0          0          0        272   dunder.o
        40          0          0          0          0         68   fpclassify.o
       170          0          0          0          0         96   poly.o
         0          0          8          0          0          0   qnan.o
        76          0          0          0          0         84   sqrt.o
         0          0          0          0          0          0   entry.o
         0          0          0          0          0          0   entry10a.o
         0          0          0          0          0          0   entry11a.o
         8          4          0          0          0          0   entry2.o
         4          0          0          0          0          0   entry5.o
         0          0          0          0          0          0   entry7b.o
         0          0          0          0          0          0   entry8b.o
         8          4          0          0          0          0   entry9a.o
        12          6          0          4          0         68   errno.o
        30          0          0          0          0          0   handlers.o
        36          8          0          0          0         68   init.o
         0          0          0          0          0          0   iusefp.o
        98          0          0          0          0         84   ldiv.o
        30          0          0          0          0         68   llshl.o
        36          0          0          0          0         68   llsshr.o
        32          0          0          0          0         68   llushr.o
        26          0          0          0          0         80   memcmp.o
        36          0          0          0          0        108   memseta.o
      2226         90          0          0          0        444   printfa.o
         0          0          0          4          0          0   stdout.o
        44          0          0          0          0         80   uidiv.o
        98          0          0          0          0         92   uldiv.o
        48          0          0          0          0         68   cdcmple.o
        48          0          0          0          0         68   cdrcmple.o
        20          0          0          0          0         68   cfcmple.o
        20          0          0          0          0         68   cfrcmple.o
        56          0          0          0          0         88   d2f.o
       334          0          0          0          0        148   dadd.o
       222          0          0          0          0        100   ddiv.o
       186          0          0          0          0        176   depilogue.o
        62          0          0          0          0         80   dfixi.o
        48          0          0          0          0         68   dfixul.o
       228          0          0          0          0         96   dmul.o
        46          0          0          0          0         80   dscalb.o
       162          0          0          0          0        100   dsqrt.o
        38          0          0          0          0         68   f2d.o
       176          0          0          0          0        140   fadd.o
       124          0          0          0          0         88   fdiv.o
       110          0          0          0          0        168   fepilogue.o
        50          0          0          0          0         68   ffixi.o
        40          0          0          0          0         68   ffixui.o
        18          0          0          0          0         68   fflti.o
        10          0          0          0          0         68   ffltui.o
       100          0          0          0          0         76   fmul.o

    ----------------------------------------------------------------------
      6752        278        240          8          0       4204   Library Totals
         6          0          0          0          0          0   (incl. Padding)

    ----------------------------------------------------------------------

      Code (inc. data)   RO Data    RW Data    ZI Data      Debug   Library Name

      1876        166        240          0          0        956   m_ws.l
      2724        112          0          8          0       1228   mc_w.l
      2146          0          0          0          0       2020   mf_w.l

    ----------------------------------------------------------------------
      6752        278        240          8          0       4204   Library Totals

    ----------------------------------------------------------------------

==============================================================================


      Code (inc. data)   RO Data    RW Data    ZI Data      Debug   

     38256       2208       3800        260       1140     388639   Grand Totals
     38256       2208       3800        260       1140     388639   ELF Image Totals
     38256       2208       3800        260          0          0   ROM Totals

==============================================================================

    Total RO  Size (Code + RO Data)                42056 (  41.07kB)
    Total RW  Size (RW Data + ZI Data)              1400 (   1.37kB)
    Total ROM Size (Code + RO Data + RW Data)      42316 (  41.32kB)

==============================================================================

